[2025-07-11 14:38:49,928: INFO: common: yaml file: config\config.yaml loaded successfully]
[2025-07-11 14:38:49,938: INFO: common: yaml file: params.yaml loaded successfully]
[2025-07-11 14:38:49,938: INFO: common: created directory at: artifacts]
[2025-07-11 14:38:49,938: INFO: common: created directory at: artifacts/data_ingestion]
[2025-07-11 14:39:13,577: INFO: common: yaml file: config\config.yaml loaded successfully]
[2025-07-11 14:39:13,577: INFO: common: yaml file: params.yaml loaded successfully]
[2025-07-11 14:39:13,577: INFO: common: created directory at: artifacts]
[2025-07-11 14:39:13,577: INFO: common: created directory at: artifacts/data_ingestion]
[2025-07-11 14:40:11,191: INFO: common: yaml file: config\config.yaml loaded successfully]
[2025-07-11 14:40:11,194: INFO: common: yaml file: params.yaml loaded successfully]
[2025-07-11 14:40:11,196: INFO: common: created directory at: artifacts]
[2025-07-11 14:40:11,197: INFO: common: created directory at: artifacts/data_ingestion]
[2025-07-11 14:42:23,515: INFO: common: yaml file: config\config.yaml loaded successfully]
[2025-07-11 14:42:23,521: INFO: common: yaml file: params.yaml loaded successfully]
[2025-07-11 14:42:23,523: INFO: common: created directory at: artifacts]
[2025-07-11 14:42:23,527: INFO: common: created directory at: artifacts/data_ingestion]
[2025-07-11 14:44:21,134: INFO: common: yaml file: config\config.yaml loaded successfully]
[2025-07-11 14:44:21,143: INFO: common: yaml file: params.yaml loaded successfully]
[2025-07-11 14:44:21,146: INFO: common: created directory at: artifacts]
[2025-07-11 14:44:21,148: INFO: common: created directory at: artifacts/data_ingestion]
[2025-07-11 14:45:16,589: INFO: common: yaml file: config\config.yaml loaded successfully]
[2025-07-11 14:45:16,595: INFO: common: yaml file: params.yaml loaded successfully]
[2025-07-11 14:45:16,598: INFO: common: created directory at: artifacts]
[2025-07-11 14:45:16,599: INFO: common: created directory at: artifacts/data_ingestion]
[2025-07-11 14:46:23,520: INFO: common: yaml file: config\config.yaml loaded successfully]
[2025-07-11 14:46:23,523: INFO: common: yaml file: params.yaml loaded successfully]
[2025-07-11 14:46:23,524: INFO: common: created directory at: artifacts]
[2025-07-11 14:46:23,526: INFO: common: created directory at: artifacts/data_ingestion]
[2025-07-11 14:47:06,268: INFO: common: yaml file: config\config.yaml loaded successfully]
[2025-07-11 14:47:06,270: INFO: common: yaml file: params.yaml loaded successfully]
[2025-07-11 14:47:06,270: INFO: common: created directory at: artifacts]
[2025-07-11 14:47:06,270: INFO: common: created directory at: artifacts/data_ingestion]
[2025-07-11 14:48:44,466: INFO: common: yaml file: config\config.yaml loaded successfully]
[2025-07-11 14:48:44,466: INFO: common: yaml file: params.yaml loaded successfully]
[2025-07-11 14:48:44,466: INFO: common: created directory at: artifacts]
[2025-07-11 14:48:44,466: INFO: common: created directory at: artifacts/data_ingestion]
[2025-07-11 14:48:46,913: INFO: 883321432: artifacts/data_ingestion/data.zip downloaded with the following info: 
Connection: close
Content-Length: 439363
Cache-Control: max-age=300
Content-Security-Policy: default-src 'none'; style-src 'unsafe-inline'; sandbox
Content-Type: application/zip
ETag: "f02129725677995f2b90e6feee5c59cb0cc92525384c3ad1f4f2bc5010823136"
Strict-Transport-Security: max-age=31536000
X-Content-Type-Options: nosniff
X-Frame-Options: deny
X-XSS-Protection: 1; mode=block
X-GitHub-Request-Id: F2D7:93E75:76352:16D2F3:6870D6EC
Accept-Ranges: bytes
Date: Fri, 11 Jul 2025 09:18:37 GMT
Via: 1.1 varnish
X-Served-By: cache-bom4731-BOM
X-Cache: MISS
X-Cache-Hits: 0
X-Timer: S1752225518.635914,VS0,VE255
Vary: Authorization,Accept-Encoding
Access-Control-Allow-Origin: *
Cross-Origin-Resource-Policy: cross-origin
X-Fastly-Request-ID: 810ed0c11726aeec981174ca12ab8e41935184d2
Expires: Fri, 11 Jul 2025 09:23:37 GMT
Source-Age: 0

]
[2025-07-11 14:48:46,948: INFO: 883321432: Extracted zip file to artifacts/data_ingestion]
[2025-07-11 15:49:33,321: INFO: common: yaml file: config\config.yaml loaded successfully]
[2025-07-11 15:49:33,337: INFO: common: yaml file: params.yaml loaded successfully]
[2025-07-11 15:49:33,337: INFO: common: created directory at: artifacts]
[2025-07-11 15:49:33,337: INFO: common: created directory at: artifacts/prepare_base_model]
[2025-07-11 15:50:23,489: INFO: common: yaml file: config\config.yaml loaded successfully]
[2025-07-11 15:50:23,494: INFO: common: yaml file: params.yaml loaded successfully]
[2025-07-11 15:50:23,498: INFO: common: created directory at: artifacts]
[2025-07-11 15:50:23,498: INFO: common: created directory at: artifacts/prepare_base_model]
[2025-07-12 10:32:05,751: INFO: font_manager: generated new fontManager]
[2025-07-12 10:36:56,673: INFO: common: yaml file: config\config.yaml loaded successfully]
[2025-07-12 10:36:56,690: INFO: common: yaml file: params.yaml loaded successfully]
[2025-07-12 10:36:56,690: INFO: common: created directory at: artifacts]
[2025-07-12 10:38:03,162: INFO: common: yaml file: config\config.yaml loaded successfully]
[2025-07-12 10:38:03,164: INFO: common: yaml file: params.yaml loaded successfully]
[2025-07-12 10:38:03,166: INFO: common: created directory at: artifacts]
[2025-07-12 10:42:23,246: INFO: common: yaml file: config\config.yaml loaded successfully]
[2025-07-12 10:42:23,248: INFO: common: yaml file: params.yaml loaded successfully]
[2025-07-12 10:42:23,251: INFO: common: created directory at: artifacts]
[2025-07-12 10:43:33,226: INFO: common: yaml file: config\config.yaml loaded successfully]
[2025-07-12 10:43:33,230: INFO: common: yaml file: params.yaml loaded successfully]
[2025-07-12 10:43:33,232: INFO: common: created directory at: artifacts]
[2025-07-12 10:45:15,881: INFO: common: yaml file: config\config.yaml loaded successfully]
[2025-07-12 10:45:15,884: INFO: common: yaml file: params.yaml loaded successfully]
[2025-07-12 10:45:15,885: INFO: common: created directory at: artifacts]
[2025-07-12 10:46:31,690: INFO: common: yaml file: config\config.yaml loaded successfully]
[2025-07-12 10:46:31,697: INFO: common: yaml file: params.yaml loaded successfully]
[2025-07-12 10:46:31,698: INFO: common: created directory at: artifacts]
[2025-07-12 10:48:19,223: INFO: common: yaml file: config\config.yaml loaded successfully]
[2025-07-12 10:48:19,226: INFO: common: yaml file: params.yaml loaded successfully]
[2025-07-12 10:48:19,228: INFO: common: created directory at: artifacts]
[2025-07-12 10:48:19,230: INFO: common: created directory at: artifacts/data_ingestion]
[2025-07-12 10:48:25,734: INFO: common: Data preprocessing completed successfully.]
[2025-07-12 10:48:25,755: INFO: common: created directory at: artifacts/prepare_base_model]
[2025-07-12 10:52:04,845: INFO: common: yaml file: config\config.yaml loaded successfully]
[2025-07-12 10:52:04,845: INFO: common: yaml file: params.yaml loaded successfully]
[2025-07-12 10:52:04,845: INFO: common: created directory at: artifacts]
[2025-07-12 10:52:04,845: INFO: common: created directory at: artifacts/data_ingestion]
[2025-07-12 10:52:12,799: INFO: common: Data preprocessing completed successfully.]
[2025-07-12 10:52:12,859: INFO: common: created directory at: artifacts/prepare_base_model]
[2025-07-12 10:56:01,048: INFO: common: yaml file: config\config.yaml loaded successfully]
[2025-07-12 10:56:01,051: INFO: common: yaml file: params.yaml loaded successfully]
[2025-07-12 10:56:01,053: INFO: common: created directory at: artifacts]
[2025-07-12 10:56:01,054: INFO: common: created directory at: artifacts/data_ingestion]
[2025-07-12 10:56:07,546: INFO: common: Data preprocessing completed successfully.]
[2025-07-12 10:56:07,632: INFO: common: created directory at: artifacts/prepare_base_model]
[2025-07-12 10:59:39,454: INFO: common: yaml file: config\config.yaml loaded successfully]
[2025-07-12 10:59:39,470: INFO: common: yaml file: params.yaml loaded successfully]
[2025-07-12 10:59:39,472: INFO: common: created directory at: artifacts]
[2025-07-12 10:59:39,472: INFO: common: created directory at: artifacts/data_ingestion]
[2025-07-12 11:07:10,668: INFO: common: yaml file: config\config.yaml loaded successfully]
[2025-07-12 11:07:10,668: INFO: common: yaml file: params.yaml loaded successfully]
[2025-07-12 11:07:10,668: INFO: common: created directory at: artifacts]
[2025-07-12 11:07:10,668: INFO: common: created directory at: artifacts/data_ingestion]
[2025-07-12 11:07:10,728: ERROR: common: Error during preprocessing: ['price']]
[2025-07-12 11:07:47,050: INFO: common: yaml file: config\config.yaml loaded successfully]
[2025-07-12 11:07:47,052: INFO: common: yaml file: params.yaml loaded successfully]
[2025-07-12 11:07:47,052: INFO: common: created directory at: artifacts]
[2025-07-12 11:07:47,052: INFO: common: created directory at: artifacts/data_ingestion]
[2025-07-12 11:07:47,084: ERROR: common: Error during preprocessing: ['price']]
[2025-07-12 11:08:40,207: INFO: common: yaml file: config\config.yaml loaded successfully]
[2025-07-12 11:08:40,211: INFO: common: yaml file: params.yaml loaded successfully]
[2025-07-12 11:08:40,213: INFO: common: created directory at: artifacts]
[2025-07-12 11:08:40,215: INFO: common: created directory at: artifacts/data_ingestion]
[2025-07-12 11:08:46,033: INFO: common: Data preprocessing completed successfully.]
[2025-07-12 11:08:46,156: INFO: common: created directory at: artifacts/prepare_base_model]
[2025-07-14 22:46:59,135: INFO: common: yaml file: config\config.yaml loaded successfully]
[2025-07-14 22:46:59,139: INFO: common: yaml file: params.yaml loaded successfully]
[2025-07-14 22:46:59,139: INFO: common: created directory at: artifacts]
[2025-07-14 22:46:59,145: INFO: common: created directory at: artifacts/data_ingestion]
[2025-07-14 23:01:41,567: INFO: common: yaml file: config\config.yaml loaded successfully]
[2025-07-14 23:01:41,571: INFO: common: yaml file: params.yaml loaded successfully]
[2025-07-14 23:01:41,573: INFO: common: created directory at: artifacts]
[2025-07-14 23:01:41,573: INFO: common: created directory at: artifacts/data_ingestion]
[2025-07-14 23:39:15,299: INFO: common: yaml file: config\config.yaml loaded successfully]
[2025-07-14 23:39:15,318: INFO: common: yaml file: params.yaml loaded successfully]
[2025-07-14 23:39:15,321: INFO: common: created directory at: artifacts]
[2025-07-14 23:39:15,325: INFO: common: created directory at: artifacts/prepare_base_model]
[2025-07-14 23:40:04,049: INFO: common: yaml file: config\config.yaml loaded successfully]
[2025-07-14 23:40:04,057: INFO: common: yaml file: params.yaml loaded successfully]
[2025-07-14 23:40:04,057: INFO: common: created directory at: artifacts]
[2025-07-14 23:40:04,063: INFO: common: created directory at: artifacts/prepare_base_model]
[2025-07-14 23:41:19,756: INFO: common: yaml file: config\config.yaml loaded successfully]
[2025-07-14 23:41:19,760: INFO: common: yaml file: params.yaml loaded successfully]
[2025-07-14 23:41:19,761: INFO: common: created directory at: artifacts]
[2025-07-14 23:41:19,763: INFO: common: created directory at: artifacts/prepare_base_model]
[2025-07-14 23:44:13,488: INFO: common: yaml file: config\config.yaml loaded successfully]
[2025-07-14 23:44:13,490: INFO: common: yaml file: params.yaml loaded successfully]
[2025-07-14 23:44:13,499: INFO: common: created directory at: artifacts]
[2025-07-14 23:44:13,501: INFO: common: created directory at: artifacts/prepare_base_model]
[2025-07-14 23:46:12,861: INFO: common: yaml file: config\config.yaml loaded successfully]
[2025-07-14 23:46:12,867: INFO: common: yaml file: params.yaml loaded successfully]
[2025-07-14 23:46:12,871: INFO: common: created directory at: artifacts]
[2025-07-14 23:46:12,874: INFO: common: created directory at: artifacts/prepare_base_model]
[2025-07-14 23:47:28,412: INFO: common: yaml file: config\config.yaml loaded successfully]
[2025-07-14 23:47:28,416: INFO: common: yaml file: params.yaml loaded successfully]
[2025-07-14 23:47:28,420: INFO: common: created directory at: artifacts]
[2025-07-14 23:47:28,422: INFO: common: created directory at: artifacts/prepare_base_model]
[2025-07-14 23:49:58,235: INFO: common: yaml file: config\config.yaml loaded successfully]
[2025-07-14 23:49:58,251: INFO: common: yaml file: params.yaml loaded successfully]
[2025-07-14 23:51:49,384: INFO: common: yaml file: config\config.yaml loaded successfully]
[2025-07-14 23:51:49,393: INFO: common: yaml file: params.yaml loaded successfully]
[2025-07-14 23:52:35,235: INFO: common: yaml file: config\config.yaml loaded successfully]
[2025-07-14 23:52:35,242: INFO: common: yaml file: params.yaml loaded successfully]
[2025-07-14 23:54:16,480: INFO: common: yaml file: config\config.yaml loaded successfully]
[2025-07-14 23:54:16,488: INFO: common: yaml file: params.yaml loaded successfully]
[2025-07-14 23:54:27,890: INFO: common: yaml file: config\config.yaml loaded successfully]
[2025-07-14 23:54:27,896: INFO: common: yaml file: params.yaml loaded successfully]
[2025-07-14 23:58:46,111: INFO: common: yaml file: config\config.yaml loaded successfully]
[2025-07-14 23:58:46,122: INFO: common: yaml file: params.yaml loaded successfully]
[2025-07-15 00:00:25,662: INFO: common: yaml file: config\config.yaml loaded successfully]
[2025-07-15 00:00:25,686: INFO: common: yaml file: params.yaml loaded successfully]
[2025-07-15 00:01:08,567: INFO: common: yaml file: config\config.yaml loaded successfully]
[2025-07-15 00:01:08,571: INFO: common: yaml file: params.yaml loaded successfully]
[2026-01-11 18:19:53,822: INFO: main: >>>>>> stage Data Ingestion stage started <<<<<<]
[2026-01-11 18:19:53,824: INFO: common: yaml file: config/config.yaml loaded successfully]
[2026-01-11 18:19:53,826: INFO: common: yaml file: params.yaml loaded successfully]
[2026-01-11 18:19:53,826: INFO: common: created directory at: artifacts]
[2026-01-11 18:19:53,826: INFO: common: created directory at: artifacts/data_ingestion]
[2026-01-11 18:19:53,826: INFO: data_ingestion: File already exists with size: ~ 429 KB]
[2026-01-11 18:19:53,838: INFO: data_ingestion: Extracted zip file to artifacts/data_ingestion]
[2026-01-11 18:19:53,838: INFO: main: >>>>>> stage Data Ingestion stage completed <<<<<<

x==========x]
[2026-01-11 18:19:53,838: INFO: main: *******************]
[2026-01-11 18:19:53,838: INFO: main: >>>>>> stage Prepare base model started <<<<<<]
[2026-01-11 18:19:53,841: INFO: common: yaml file: config/config.yaml loaded successfully]
[2026-01-11 18:19:53,842: INFO: common: yaml file: params.yaml loaded successfully]
[2026-01-11 18:19:53,843: INFO: common: created directory at: artifacts]
[2026-01-11 18:19:53,843: INFO: common: created directory at: artifacts/prepare_base_model]
[2026-01-11 18:19:53,843: ERROR: main: "'ConfigBox' object has no attribute 'learning_rate'"]
Traceback (most recent call last):
  File "box/box.py", line 594, in box.box.Box.__getitem__
KeyError: 'LEARNING_RATE'

The above exception was the direct cause of the following exception:

Traceback (most recent call last):
  File "box/box.py", line 633, in box.box.Box.__getattr__
  File "box/box.py", line 621, in box.box.Box.__getitem__
box.exceptions.BoxKeyError: "'LEARNING_RATE'"

During handling of the above exception, another exception occurred:

Traceback (most recent call last):
  File "box/box.py", line 635, in box.box.Box.__getattr__
AttributeError: 'ConfigBox' object has no attribute 'LEARNING_RATE'

The above exception was the direct cause of the following exception:

Traceback (most recent call last):
  File "box/config_box.py", line 29, in box.config_box.ConfigBox.__getattr__
  File "box/box.py", line 649, in box.box.Box.__getattr__
box.exceptions.BoxKeyError: "'ConfigBox' object has no attribute 'LEARNING_RATE'"

During handling of the above exception, another exception occurred:

Traceback (most recent call last):
  File "box/box.py", line 594, in box.box.Box.__getitem__
KeyError: 'learning_rate'

The above exception was the direct cause of the following exception:

Traceback (most recent call last):
  File "box/box.py", line 633, in box.box.Box.__getattr__
  File "box/box.py", line 621, in box.box.Box.__getitem__
box.exceptions.BoxKeyError: "'learning_rate'"

During handling of the above exception, another exception occurred:

Traceback (most recent call last):
  File "box/box.py", line 635, in box.box.Box.__getattr__
AttributeError: 'ConfigBox' object has no attribute 'learning_rate'

The above exception was the direct cause of the following exception:

Traceback (most recent call last):
  File "/workspaces/car_price_prediction/main.py", line 26, in <module>
    prepare_base_model.main()
  File "/workspaces/car_price_prediction/src/car_price_prediction/pipeline/stage_02_prepare_base_model.py", line 13, in main
    prepare_base_model_config = config.get_prepare_base_model_config()
                                ^^^^^^^^^^^^^^^^^^^^^^^^^^^^^^^^^^^^^^
  File "/workspaces/car_price_prediction/src/car_price_prediction/config/configuration.py", line 63, in get_prepare_base_model_config
    params_learning_rate=self.params.LEARNING_RATE,
                         ^^^^^^^^^^^^^^^^^^^^^^^^^
  File "box/config_box.py", line 31, in box.config_box.ConfigBox.__getattr__
  File "box/box.py", line 649, in box.box.Box.__getattr__
box.exceptions.BoxKeyError: "'ConfigBox' object has no attribute 'learning_rate'"
[2026-01-11 18:20:10,929: INFO: main: >>>>>> stage Data Ingestion stage started <<<<<<]
[2026-01-11 18:20:10,931: INFO: common: yaml file: config/config.yaml loaded successfully]
[2026-01-11 18:20:10,932: INFO: common: yaml file: params.yaml loaded successfully]
[2026-01-11 18:20:10,933: INFO: common: created directory at: artifacts]
[2026-01-11 18:20:10,933: INFO: common: created directory at: artifacts/data_ingestion]
[2026-01-11 18:20:10,933: INFO: data_ingestion: File already exists with size: ~ 429 KB]
[2026-01-11 18:20:10,945: INFO: data_ingestion: Extracted zip file to artifacts/data_ingestion]
[2026-01-11 18:20:10,945: INFO: main: >>>>>> stage Data Ingestion stage completed <<<<<<

x==========x]
[2026-01-11 18:20:10,945: INFO: main: *******************]
[2026-01-11 18:20:10,945: INFO: main: >>>>>> stage Prepare base model started <<<<<<]
[2026-01-11 18:20:10,948: INFO: common: yaml file: config/config.yaml loaded successfully]
[2026-01-11 18:20:10,950: INFO: common: yaml file: params.yaml loaded successfully]
[2026-01-11 18:20:10,951: INFO: common: created directory at: artifacts]
[2026-01-11 18:20:10,951: INFO: common: created directory at: artifacts/prepare_base_model]
[2026-01-11 18:20:10,951: ERROR: main: "'ConfigBox' object has no attribute 'learning_rate'"]
Traceback (most recent call last):
  File "box/box.py", line 594, in box.box.Box.__getitem__
KeyError: 'LEARNING_RATE'

The above exception was the direct cause of the following exception:

Traceback (most recent call last):
  File "box/box.py", line 633, in box.box.Box.__getattr__
  File "box/box.py", line 621, in box.box.Box.__getitem__
box.exceptions.BoxKeyError: "'LEARNING_RATE'"

During handling of the above exception, another exception occurred:

Traceback (most recent call last):
  File "box/box.py", line 635, in box.box.Box.__getattr__
AttributeError: 'ConfigBox' object has no attribute 'LEARNING_RATE'

The above exception was the direct cause of the following exception:

Traceback (most recent call last):
  File "box/config_box.py", line 29, in box.config_box.ConfigBox.__getattr__
  File "box/box.py", line 649, in box.box.Box.__getattr__
box.exceptions.BoxKeyError: "'ConfigBox' object has no attribute 'LEARNING_RATE'"

During handling of the above exception, another exception occurred:

Traceback (most recent call last):
  File "box/box.py", line 594, in box.box.Box.__getitem__
KeyError: 'learning_rate'

The above exception was the direct cause of the following exception:

Traceback (most recent call last):
  File "box/box.py", line 633, in box.box.Box.__getattr__
  File "box/box.py", line 621, in box.box.Box.__getitem__
box.exceptions.BoxKeyError: "'learning_rate'"

During handling of the above exception, another exception occurred:

Traceback (most recent call last):
  File "box/box.py", line 635, in box.box.Box.__getattr__
AttributeError: 'ConfigBox' object has no attribute 'learning_rate'

The above exception was the direct cause of the following exception:

Traceback (most recent call last):
  File "/workspaces/car_price_prediction/main.py", line 26, in <module>
    prepare_base_model.main()
  File "/workspaces/car_price_prediction/src/car_price_prediction/pipeline/stage_02_prepare_base_model.py", line 13, in main
    prepare_base_model_config = config.get_prepare_base_model_config()
                                ^^^^^^^^^^^^^^^^^^^^^^^^^^^^^^^^^^^^^^
  File "/workspaces/car_price_prediction/src/car_price_prediction/config/configuration.py", line 63, in get_prepare_base_model_config
    params_learning_rate=self.params.LEARNING_RATE,
                         ^^^^^^^^^^^^^^^^^^^^^^^^^
  File "box/config_box.py", line 31, in box.config_box.ConfigBox.__getattr__
  File "box/box.py", line 649, in box.box.Box.__getattr__
box.exceptions.BoxKeyError: "'ConfigBox' object has no attribute 'learning_rate'"
[2026-01-11 18:20:27,800: INFO: main: >>>>>> stage Data Ingestion stage started <<<<<<]
[2026-01-11 18:20:27,802: INFO: common: yaml file: config/config.yaml loaded successfully]
[2026-01-11 18:20:27,804: INFO: common: yaml file: params.yaml loaded successfully]
[2026-01-11 18:20:27,805: INFO: common: created directory at: artifacts]
[2026-01-11 18:20:27,805: INFO: common: created directory at: artifacts/data_ingestion]
[2026-01-11 18:20:27,805: INFO: data_ingestion: File already exists with size: ~ 429 KB]
[2026-01-11 18:20:27,816: INFO: data_ingestion: Extracted zip file to artifacts/data_ingestion]
[2026-01-11 18:20:27,816: INFO: main: >>>>>> stage Data Ingestion stage completed <<<<<<

x==========x]
[2026-01-11 18:20:27,816: INFO: main: *******************]
[2026-01-11 18:20:27,816: INFO: main: >>>>>> stage Prepare base model started <<<<<<]
[2026-01-11 18:20:27,818: INFO: common: yaml file: config/config.yaml loaded successfully]
[2026-01-11 18:20:27,819: INFO: common: yaml file: params.yaml loaded successfully]
[2026-01-11 18:20:27,820: INFO: common: created directory at: artifacts]
[2026-01-11 18:20:27,820: INFO: common: created directory at: artifacts/prepare_base_model]
[2026-01-11 18:20:27,820: ERROR: main: PrepareBaseModelConfig.__init__() got an unexpected keyword argument 'root_dir']
Traceback (most recent call last):
  File "/workspaces/car_price_prediction/main.py", line 26, in <module>
    prepare_base_model.main()
  File "/workspaces/car_price_prediction/src/car_price_prediction/pipeline/stage_02_prepare_base_model.py", line 13, in main
    prepare_base_model_config = config.get_prepare_base_model_config()
                                ^^^^^^^^^^^^^^^^^^^^^^^^^^^^^^^^^^^^^^
  File "/workspaces/car_price_prediction/src/car_price_prediction/config/configuration.py", line 60, in get_prepare_base_model_config
    prepare_base_model_config = PrepareBaseModelConfig(
                                ^^^^^^^^^^^^^^^^^^^^^^^
TypeError: PrepareBaseModelConfig.__init__() got an unexpected keyword argument 'root_dir'
[2026-01-11 18:20:42,890: INFO: main: >>>>>> stage Data Ingestion stage started <<<<<<]
[2026-01-11 18:20:42,892: INFO: common: yaml file: config/config.yaml loaded successfully]
[2026-01-11 18:20:42,894: INFO: common: yaml file: params.yaml loaded successfully]
[2026-01-11 18:20:42,894: INFO: common: created directory at: artifacts]
[2026-01-11 18:20:42,894: INFO: common: created directory at: artifacts/data_ingestion]
[2026-01-11 18:20:42,894: INFO: data_ingestion: File already exists with size: ~ 429 KB]
[2026-01-11 18:20:42,905: INFO: data_ingestion: Extracted zip file to artifacts/data_ingestion]
[2026-01-11 18:20:42,905: INFO: main: >>>>>> stage Data Ingestion stage completed <<<<<<

x==========x]
[2026-01-11 18:20:42,905: INFO: main: *******************]
[2026-01-11 18:20:42,906: INFO: main: >>>>>> stage Prepare base model started <<<<<<]
[2026-01-11 18:20:42,907: INFO: common: yaml file: config/config.yaml loaded successfully]
[2026-01-11 18:20:42,909: INFO: common: yaml file: params.yaml loaded successfully]
[2026-01-11 18:20:42,909: INFO: common: created directory at: artifacts]
[2026-01-11 18:20:42,909: INFO: common: created directory at: artifacts/prepare_base_model]
[2026-01-11 18:20:42,909: INFO: stage_02_prepare_base_model: Creating base model]
[2026-01-11 18:20:42,910: INFO: stage_02_prepare_base_model: Updating base model with training data]
[2026-01-11 18:20:42,910: ERROR: main: [Errno 2] No such file or directory: 'F:\\Self Learning\\car_price_prediction\\artifacts\\data_ingestion\\car_price_prediction.csv']
Traceback (most recent call last):
  File "/workspaces/car_price_prediction/main.py", line 26, in <module>
    prepare_base_model.main()
  File "/workspaces/car_price_prediction/src/car_price_prediction/pipeline/stage_02_prepare_base_model.py", line 20, in main
    prepare_base_model.update_base_model()
  File "/workspaces/car_price_prediction/src/car_price_prediction/components/prepare_base_model.py", line 25, in update_base_model
    df = pd.read_csv(self.config.test_data_path)
         ^^^^^^^^^^^^^^^^^^^^^^^^^^^^^^^^^^^^^^^
  File "/home/codespace/.local/lib/python3.12/site-packages/pandas/io/parsers/readers.py", line 1026, in read_csv
    return _read(filepath_or_buffer, kwds)
           ^^^^^^^^^^^^^^^^^^^^^^^^^^^^^^^
  File "/home/codespace/.local/lib/python3.12/site-packages/pandas/io/parsers/readers.py", line 620, in _read
    parser = TextFileReader(filepath_or_buffer, **kwds)
             ^^^^^^^^^^^^^^^^^^^^^^^^^^^^^^^^^^^^^^^^^^
  File "/home/codespace/.local/lib/python3.12/site-packages/pandas/io/parsers/readers.py", line 1620, in __init__
    self._engine = self._make_engine(f, self.engine)
                   ^^^^^^^^^^^^^^^^^^^^^^^^^^^^^^^^^
  File "/home/codespace/.local/lib/python3.12/site-packages/pandas/io/parsers/readers.py", line 1880, in _make_engine
    self.handles = get_handle(
                   ^^^^^^^^^^^
  File "/home/codespace/.local/lib/python3.12/site-packages/pandas/io/common.py", line 873, in get_handle
    handle = open(
             ^^^^^
FileNotFoundError: [Errno 2] No such file or directory: 'F:\\Self Learning\\car_price_prediction\\artifacts\\data_ingestion\\car_price_prediction.csv'
[2026-01-11 18:21:01,060: INFO: main: >>>>>> stage Data Ingestion stage started <<<<<<]
[2026-01-11 18:21:01,062: INFO: common: yaml file: config/config.yaml loaded successfully]
[2026-01-11 18:21:01,064: INFO: common: yaml file: params.yaml loaded successfully]
[2026-01-11 18:21:01,064: INFO: common: created directory at: artifacts]
[2026-01-11 18:21:01,064: INFO: common: created directory at: artifacts/data_ingestion]
[2026-01-11 18:21:01,064: INFO: data_ingestion: File already exists with size: ~ 429 KB]
[2026-01-11 18:21:01,076: INFO: data_ingestion: Extracted zip file to artifacts/data_ingestion]
[2026-01-11 18:21:01,076: INFO: main: >>>>>> stage Data Ingestion stage completed <<<<<<

x==========x]
[2026-01-11 18:21:01,076: INFO: main: *******************]
[2026-01-11 18:21:01,076: INFO: main: >>>>>> stage Prepare base model started <<<<<<]
[2026-01-11 18:21:01,079: INFO: common: yaml file: config/config.yaml loaded successfully]
[2026-01-11 18:21:01,081: INFO: common: yaml file: params.yaml loaded successfully]
[2026-01-11 18:21:01,082: INFO: common: created directory at: artifacts]
[2026-01-11 18:21:01,082: INFO: common: created directory at: artifacts/prepare_base_model]
[2026-01-11 18:21:01,082: INFO: stage_02_prepare_base_model: Creating base model]
[2026-01-11 18:21:01,083: INFO: stage_02_prepare_base_model: Updating base model with training data]
[2026-01-11 18:21:01,148: ERROR: main: could not convert string to float: '-']
Traceback (most recent call last):
  File "/workspaces/car_price_prediction/main.py", line 26, in <module>
    prepare_base_model.main()
  File "/workspaces/car_price_prediction/src/car_price_prediction/pipeline/stage_02_prepare_base_model.py", line 20, in main
    prepare_base_model.update_base_model()
  File "/workspaces/car_price_prediction/src/car_price_prediction/components/prepare_base_model.py", line 32, in update_base_model
    self.model.fit(X, y)
  File "/home/codespace/.local/lib/python3.12/site-packages/sklearn/base.py", line 1336, in wrapper
    return fit_method(estimator, *args, **kwargs)
           ^^^^^^^^^^^^^^^^^^^^^^^^^^^^^^^^^^^^^^
  File "/home/codespace/.local/lib/python3.12/site-packages/sklearn/linear_model/_base.py", line 630, in fit
    X, y = validate_data(
           ^^^^^^^^^^^^^^
  File "/home/codespace/.local/lib/python3.12/site-packages/sklearn/utils/validation.py", line 2919, in validate_data
    X, y = check_X_y(X, y, **check_params)
           ^^^^^^^^^^^^^^^^^^^^^^^^^^^^^^^
  File "/home/codespace/.local/lib/python3.12/site-packages/sklearn/utils/validation.py", line 1314, in check_X_y
    X = check_array(
        ^^^^^^^^^^^^
  File "/home/codespace/.local/lib/python3.12/site-packages/sklearn/utils/validation.py", line 1022, in check_array
    array = _asarray_with_order(array, order=order, dtype=dtype, xp=xp)
            ^^^^^^^^^^^^^^^^^^^^^^^^^^^^^^^^^^^^^^^^^^^^^^^^^^^^^^^^^^^
  File "/home/codespace/.local/lib/python3.12/site-packages/sklearn/utils/_array_api.py", line 878, in _asarray_with_order
    array = numpy.asarray(array, order=order, dtype=dtype)
            ^^^^^^^^^^^^^^^^^^^^^^^^^^^^^^^^^^^^^^^^^^^^^^
  File "/home/codespace/.local/lib/python3.12/site-packages/pandas/core/generic.py", line 2171, in __array__
    arr = np.asarray(values, dtype=dtype)
          ^^^^^^^^^^^^^^^^^^^^^^^^^^^^^^^
ValueError: could not convert string to float: '-'
[2026-01-11 18:21:25,778: INFO: main: >>>>>> stage Data Ingestion stage started <<<<<<]
[2026-01-11 18:21:25,780: INFO: common: yaml file: config/config.yaml loaded successfully]
[2026-01-11 18:21:25,781: INFO: common: yaml file: params.yaml loaded successfully]
[2026-01-11 18:21:25,782: INFO: common: created directory at: artifacts]
[2026-01-11 18:21:25,782: INFO: common: created directory at: artifacts/data_ingestion]
[2026-01-11 18:21:25,782: INFO: data_ingestion: File already exists with size: ~ 429 KB]
[2026-01-11 18:21:25,795: INFO: data_ingestion: Extracted zip file to artifacts/data_ingestion]
[2026-01-11 18:21:25,795: INFO: main: >>>>>> stage Data Ingestion stage completed <<<<<<

x==========x]
[2026-01-11 18:21:25,795: INFO: main: *******************]
[2026-01-11 18:21:25,795: INFO: main: >>>>>> stage Prepare base model started <<<<<<]
[2026-01-11 18:21:25,798: INFO: common: yaml file: config/config.yaml loaded successfully]
[2026-01-11 18:21:25,799: INFO: common: yaml file: params.yaml loaded successfully]
[2026-01-11 18:21:25,800: INFO: common: created directory at: artifacts]
[2026-01-11 18:21:25,800: INFO: common: created directory at: artifacts/prepare_base_model]
[2026-01-11 18:21:25,800: INFO: stage_02_prepare_base_model: Creating base model]
[2026-01-11 18:21:25,800: INFO: prepare_base_model: ✅ Base model saved at: artifacts/prepare_base_model/base_model.pkl]
[2026-01-11 18:21:25,801: INFO: stage_02_prepare_base_model: Updating base model with training data]
[2026-01-11 18:21:25,939: INFO: prepare_base_model: ✅ Trained model saved at: artifacts/prepare_base_model/base_model_updated.pkl]
[2026-01-11 18:21:25,940: INFO: main: >>>>>> stage Prepare base model completed <<<<<<

x==========x]
[2026-01-11 18:21:25,940: INFO: main: *******************]
[2026-01-11 18:21:25,940: INFO: main: >>>>>> stage Training started <<<<<<]
[2026-01-11 18:21:25,942: INFO: common: yaml file: config/config.yaml loaded successfully]
[2026-01-11 18:21:25,945: INFO: common: yaml file: params.yaml loaded successfully]
[2026-01-11 18:21:25,945: INFO: common: created directory at: artifacts]
[2026-01-11 18:21:25,945: INFO: common: created directory at: artifacts/training]
[2026-01-11 18:21:25,945: INFO: common: created directory at: artifacts/prepare_base_model]
[2026-01-11 18:21:25,946: INFO: stage_03_training: Loading training data]
[2026-01-11 18:21:25,999: INFO: stage_03_training: Preprocessing data]
[2026-01-11 18:21:26,024: INFO: stage_03_training: Initializing model training]
[2026-01-11 18:21:26,025: INFO: training: Base model loaded from artifacts/prepare_base_model/base_model_updated.pkl]
[2026-01-11 18:21:26,025: INFO: training: Training model on full dataset]
[2026-01-11 18:21:26,025: ERROR: main: could not convert string to float: '-']
Traceback (most recent call last):
  File "/workspaces/car_price_prediction/main.py", line 40, in <module>
    model_trainer.main()
  File "/workspaces/car_price_prediction/src/car_price_prediction/pipeline/stage_03_training.py", line 34, in main
    training.train_full_model(X_train, y_train)
  File "/workspaces/car_price_prediction/src/car_price_prediction/components/training.py", line 63, in train_full_model
    X_train = X_train.astype(float)
              ^^^^^^^^^^^^^^^^^^^^^
  File "/home/codespace/.local/lib/python3.12/site-packages/pandas/core/generic.py", line 6665, in astype
    new_data = self._mgr.astype(dtype=dtype, copy=copy, errors=errors)
               ^^^^^^^^^^^^^^^^^^^^^^^^^^^^^^^^^^^^^^^^^^^^^^^^^^^^^^^
  File "/home/codespace/.local/lib/python3.12/site-packages/pandas/core/internals/managers.py", line 449, in astype
    return self.apply(
           ^^^^^^^^^^^
  File "/home/codespace/.local/lib/python3.12/site-packages/pandas/core/internals/managers.py", line 363, in apply
    applied = getattr(b, f)(**kwargs)
              ^^^^^^^^^^^^^^^^^^^^^^^
  File "/home/codespace/.local/lib/python3.12/site-packages/pandas/core/internals/blocks.py", line 784, in astype
    new_values = astype_array_safe(values, dtype, copy=copy, errors=errors)
                 ^^^^^^^^^^^^^^^^^^^^^^^^^^^^^^^^^^^^^^^^^^^^^^^^^^^^^^^^^^
  File "/home/codespace/.local/lib/python3.12/site-packages/pandas/core/dtypes/astype.py", line 237, in astype_array_safe
    new_values = astype_array(values, dtype, copy=copy)
                 ^^^^^^^^^^^^^^^^^^^^^^^^^^^^^^^^^^^^^^
  File "/home/codespace/.local/lib/python3.12/site-packages/pandas/core/dtypes/astype.py", line 182, in astype_array
    values = _astype_nansafe(values, dtype, copy=copy)
             ^^^^^^^^^^^^^^^^^^^^^^^^^^^^^^^^^^^^^^^^^
  File "/home/codespace/.local/lib/python3.12/site-packages/pandas/core/dtypes/astype.py", line 133, in _astype_nansafe
    return arr.astype(dtype, copy=True)
           ^^^^^^^^^^^^^^^^^^^^^^^^^^^^
ValueError: could not convert string to float: '-'
[2026-01-11 18:22:04,252: INFO: main: >>>>>> stage Data Ingestion stage started <<<<<<]
[2026-01-11 18:22:04,254: INFO: common: yaml file: config/config.yaml loaded successfully]
[2026-01-11 18:22:04,256: INFO: common: yaml file: params.yaml loaded successfully]
[2026-01-11 18:22:04,256: INFO: common: created directory at: artifacts]
[2026-01-11 18:22:04,256: INFO: common: created directory at: artifacts/data_ingestion]
[2026-01-11 18:22:04,257: INFO: data_ingestion: File already exists with size: ~ 429 KB]
[2026-01-11 18:22:04,268: INFO: data_ingestion: Extracted zip file to artifacts/data_ingestion]
[2026-01-11 18:22:04,268: INFO: main: >>>>>> stage Data Ingestion stage completed <<<<<<

x==========x]
[2026-01-11 18:22:04,268: INFO: main: *******************]
[2026-01-11 18:22:04,268: INFO: main: >>>>>> stage Prepare base model started <<<<<<]
[2026-01-11 18:22:04,269: INFO: common: yaml file: config/config.yaml loaded successfully]
[2026-01-11 18:22:04,271: INFO: common: yaml file: params.yaml loaded successfully]
[2026-01-11 18:22:04,271: INFO: common: created directory at: artifacts]
[2026-01-11 18:22:04,272: INFO: common: created directory at: artifacts/prepare_base_model]
[2026-01-11 18:22:04,272: INFO: stage_02_prepare_base_model: Creating base model]
[2026-01-11 18:22:04,272: INFO: prepare_base_model: ✅ Base model saved at: artifacts/prepare_base_model/base_model.pkl]
[2026-01-11 18:22:04,272: INFO: stage_02_prepare_base_model: Updating base model with training data]
[2026-01-11 18:22:04,409: INFO: prepare_base_model: ✅ Trained model saved at: artifacts/prepare_base_model/base_model_updated.pkl]
[2026-01-11 18:22:04,411: INFO: main: >>>>>> stage Prepare base model completed <<<<<<

x==========x]
[2026-01-11 18:22:04,411: INFO: main: *******************]
[2026-01-11 18:22:04,411: INFO: main: >>>>>> stage Training started <<<<<<]
[2026-01-11 18:22:04,413: INFO: common: yaml file: config/config.yaml loaded successfully]
[2026-01-11 18:22:04,416: INFO: common: yaml file: params.yaml loaded successfully]
[2026-01-11 18:22:04,416: INFO: common: created directory at: artifacts]
[2026-01-11 18:22:04,416: INFO: common: created directory at: artifacts/training]
[2026-01-11 18:22:04,417: INFO: common: created directory at: artifacts/prepare_base_model]
[2026-01-11 18:22:04,417: INFO: stage_03_training: Loading training data]
[2026-01-11 18:22:04,475: INFO: stage_03_training: Preprocessing data]
[2026-01-11 18:22:04,589: INFO: stage_03_training: Initializing model training]
[2026-01-11 18:22:04,590: INFO: training: Base model loaded from artifacts/prepare_base_model/base_model_updated.pkl]
[2026-01-11 18:22:04,590: INFO: training: Training model on full dataset]
[2026-01-11 18:22:04,601: INFO: training: Model training completed]
[2026-01-11 18:22:04,602: INFO: training: Model saved at artifacts/training/model.pkl]
[2026-01-11 18:22:04,603: INFO: training: Scaler saved at artifacts/training/scaler.pkl]
[2026-01-11 18:22:04,603: INFO: stage_03_training: Model training completed and saved at artifacts/training/model.pkl]
[2026-01-11 18:22:04,604: INFO: main: >>>>>> stage Training completed <<<<<<

x==========x]
[2026-01-11 18:22:04,604: INFO: main: *******************]
[2026-01-11 18:22:04,604: INFO: main: >>>>>> stage Evaluation stage started <<<<<<]
[2026-01-11 18:22:04,606: INFO: common: yaml file: config/config.yaml loaded successfully]
[2026-01-11 18:22:04,608: INFO: common: yaml file: params.yaml loaded successfully]
[2026-01-11 18:22:04,609: INFO: common: created directory at: artifacts]
[2026-01-11 18:22:04,609: INFO: common: created directory at: artifacts/prepare_base_model]
[2026-01-11 18:22:04,609: INFO: stage_04_evaluation: Loading data for evaluation]
[2026-01-11 18:22:04,660: INFO: stage_04_evaluation: Preprocessing data for evaluation]
[2026-01-11 18:22:04,783: INFO: stage_04_evaluation: Loading model for evaluation]
[2026-01-11 18:22:04,783: ERROR: main: [Errno 2] No such file or directory: 'artifacts/training/model.h5']
Traceback (most recent call last):
  File "/workspaces/car_price_prediction/main.py", line 56, in <module>
    model_evalution.main()
  File "/workspaces/car_price_prediction/src/car_price_prediction/pipeline/stage_04_evaluation.py", line 62, in main
    evaluation.load_model()
  File "/workspaces/car_price_prediction/src/car_price_prediction/components/evaluation.py", line 19, in load_model
    self.model = joblib.load(self.config.path_of_model)
                 ^^^^^^^^^^^^^^^^^^^^^^^^^^^^^^^^^^^^^^
  File "/home/codespace/.local/lib/python3.12/site-packages/joblib/numpy_pickle.py", line 735, in load
    with open(filename, "rb") as f:
         ^^^^^^^^^^^^^^^^^^^^
FileNotFoundError: [Errno 2] No such file or directory: 'artifacts/training/model.h5'
[2026-01-11 18:22:24,015: INFO: main: >>>>>> stage Data Ingestion stage started <<<<<<]
[2026-01-11 18:22:24,017: INFO: common: yaml file: config/config.yaml loaded successfully]
[2026-01-11 18:22:24,018: INFO: common: yaml file: params.yaml loaded successfully]
[2026-01-11 18:22:24,019: INFO: common: created directory at: artifacts]
[2026-01-11 18:22:24,019: INFO: common: created directory at: artifacts/data_ingestion]
[2026-01-11 18:22:24,019: INFO: data_ingestion: File already exists with size: ~ 429 KB]
[2026-01-11 18:22:24,030: INFO: data_ingestion: Extracted zip file to artifacts/data_ingestion]
[2026-01-11 18:22:24,030: INFO: main: >>>>>> stage Data Ingestion stage completed <<<<<<

x==========x]
[2026-01-11 18:22:24,030: INFO: main: *******************]
[2026-01-11 18:22:24,030: INFO: main: >>>>>> stage Prepare base model started <<<<<<]
[2026-01-11 18:22:24,032: INFO: common: yaml file: config/config.yaml loaded successfully]
[2026-01-11 18:22:24,034: INFO: common: yaml file: params.yaml loaded successfully]
[2026-01-11 18:22:24,034: INFO: common: created directory at: artifacts]
[2026-01-11 18:22:24,034: INFO: common: created directory at: artifacts/prepare_base_model]
[2026-01-11 18:22:24,035: INFO: stage_02_prepare_base_model: Creating base model]
[2026-01-11 18:22:24,035: INFO: prepare_base_model: ✅ Base model saved at: artifacts/prepare_base_model/base_model.pkl]
[2026-01-11 18:22:24,035: INFO: stage_02_prepare_base_model: Updating base model with training data]
[2026-01-11 18:22:24,176: INFO: prepare_base_model: ✅ Trained model saved at: artifacts/prepare_base_model/base_model_updated.pkl]
[2026-01-11 18:22:24,176: INFO: main: >>>>>> stage Prepare base model completed <<<<<<

x==========x]
[2026-01-11 18:22:24,176: INFO: main: *******************]
[2026-01-11 18:22:24,176: INFO: main: >>>>>> stage Training started <<<<<<]
[2026-01-11 18:22:24,179: INFO: common: yaml file: config/config.yaml loaded successfully]
[2026-01-11 18:22:24,181: INFO: common: yaml file: params.yaml loaded successfully]
[2026-01-11 18:22:24,181: INFO: common: created directory at: artifacts]
[2026-01-11 18:22:24,181: INFO: common: created directory at: artifacts/training]
[2026-01-11 18:22:24,182: INFO: common: created directory at: artifacts/prepare_base_model]
[2026-01-11 18:22:24,182: INFO: stage_03_training: Loading training data]
[2026-01-11 18:22:24,228: INFO: stage_03_training: Preprocessing data]
[2026-01-11 18:22:24,340: INFO: stage_03_training: Initializing model training]
[2026-01-11 18:22:24,341: INFO: training: Base model loaded from artifacts/prepare_base_model/base_model_updated.pkl]
[2026-01-11 18:22:24,341: INFO: training: Training model on full dataset]
[2026-01-11 18:22:24,351: INFO: training: Model training completed]
[2026-01-11 18:22:24,352: INFO: training: Model saved at artifacts/training/model.pkl]
[2026-01-11 18:22:24,353: INFO: training: Scaler saved at artifacts/training/scaler.pkl]
[2026-01-11 18:22:24,353: INFO: stage_03_training: Model training completed and saved at artifacts/training/model.pkl]
[2026-01-11 18:22:24,353: INFO: main: >>>>>> stage Training completed <<<<<<

x==========x]
[2026-01-11 18:22:24,353: INFO: main: *******************]
[2026-01-11 18:22:24,354: INFO: main: >>>>>> stage Evaluation stage started <<<<<<]
[2026-01-11 18:22:24,356: INFO: common: yaml file: config/config.yaml loaded successfully]
[2026-01-11 18:22:24,358: INFO: common: yaml file: params.yaml loaded successfully]
[2026-01-11 18:22:24,358: INFO: common: created directory at: artifacts]
[2026-01-11 18:22:24,358: INFO: common: created directory at: artifacts/prepare_base_model]
[2026-01-11 18:22:24,359: INFO: stage_04_evaluation: Loading data for evaluation]
[2026-01-11 18:22:24,401: INFO: stage_04_evaluation: Preprocessing data for evaluation]
[2026-01-11 18:22:24,513: INFO: stage_04_evaluation: Loading model for evaluation]
[2026-01-11 18:22:24,513: INFO: evaluation: Model loaded from artifacts/training/model.pkl]
[2026-01-11 18:22:24,514: INFO: evaluation: Scaler loaded from artifacts/training/scaler.pkl]
[2026-01-11 18:22:24,514: INFO: stage_04_evaluation: Evaluating model]
[2026-01-11 18:22:24,514: INFO: evaluation: Starting model evaluation]
[2026-01-11 18:22:24,516: INFO: evaluation: Evaluation metrics: {'MSE': 358825882.94127995, 'RMSE': 18942.699990795398, 'MAE': 13334.470623266645, 'R2': -0.15157182727188756}]
[2026-01-11 18:22:24,517: INFO: common: json file saved at: scores.json]
[2026-01-11 18:22:24,517: INFO: stage_04_evaluation: Evaluation completed. Scores: {'MSE': 358825882.94127995, 'RMSE': 18942.699990795398, 'MAE': 13334.470623266645, 'R2': -0.15157182727188756}]
[2026-01-11 18:22:24,517: INFO: main: >>>>>> stage Evaluation stage completed <<<<<<

x==========x]
[2026-01-11 18:54:59,380: INFO: font_manager: generated new fontManager]
[2026-01-11 18:55:00,975: INFO: main: >>>>>> stage Data Ingestion stage started <<<<<<]
[2026-01-11 18:55:00,978: INFO: common: yaml file: config/config.yaml loaded successfully]
[2026-01-11 18:55:00,980: INFO: common: yaml file: params.yaml loaded successfully]
[2026-01-11 18:55:00,980: INFO: common: created directory at: artifacts]
[2026-01-11 18:55:00,980: INFO: common: created directory at: artifacts/data_ingestion]
[2026-01-11 18:55:00,980: INFO: data_ingestion: File already exists with size: ~ 429 KB]
[2026-01-11 18:55:00,991: INFO: data_ingestion: Extracted zip file to artifacts/data_ingestion]
[2026-01-11 18:55:00,992: INFO: main: >>>>>> stage Data Ingestion stage completed <<<<<<

x==========x]
[2026-01-11 18:55:00,992: INFO: main: *******************]
[2026-01-11 18:55:00,992: INFO: main: >>>>>> stage Prepare base model started <<<<<<]
[2026-01-11 18:55:00,993: INFO: common: yaml file: config/config.yaml loaded successfully]
[2026-01-11 18:55:00,995: INFO: common: yaml file: params.yaml loaded successfully]
[2026-01-11 18:55:00,995: INFO: common: created directory at: artifacts]
[2026-01-11 18:55:00,995: INFO: common: created directory at: artifacts/prepare_base_model]
[2026-01-11 18:55:00,995: INFO: stage_02_prepare_base_model: Creating base model]
[2026-01-11 18:55:00,996: INFO: prepare_base_model: ✅ Base model saved at: artifacts/prepare_base_model/base_model.pkl]
[2026-01-11 18:55:00,996: INFO: stage_02_prepare_base_model: Updating base model with training data]
[2026-01-11 18:55:01,142: INFO: prepare_base_model: ✅ Trained model saved at: artifacts/prepare_base_model/base_model_updated.pkl]
[2026-01-11 18:55:01,143: INFO: main: >>>>>> stage Prepare base model completed <<<<<<

x==========x]
[2026-01-11 18:55:01,144: INFO: main: *******************]
[2026-01-11 18:55:01,144: INFO: main: >>>>>> stage Training started <<<<<<]
[2026-01-11 18:55:01,144: INFO: main: Using ADVANCED training pipeline with model comparison and MLflow tracking]
[2026-01-11 18:55:01,146: INFO: common: yaml file: config/config.yaml loaded successfully]
[2026-01-11 18:55:01,149: INFO: common: yaml file: params.yaml loaded successfully]
[2026-01-11 18:55:01,150: INFO: common: created directory at: artifacts]
[2026-01-11 18:55:01,176: WARNING: connectionpool: Retrying (Retry(total=4, connect=4, read=5, redirect=5, status=5)) after connection broken by 'NewConnectionError("HTTPConnection(host='localhost', port=5001): Failed to establish a new connection: [Errno 111] Connection refused")': /api/2.0/mlflow/experiments/get-by-name?experiment_name=car_price_prediction]
[2026-01-11 18:55:05,954: WARNING: connectionpool: Retrying (Retry(total=3, connect=3, read=5, redirect=5, status=5)) after connection broken by 'NewConnectionError("HTTPConnection(host='localhost', port=5001): Failed to establish a new connection: [Errno 111] Connection refused")': /api/2.0/mlflow/experiments/get-by-name?experiment_name=car_price_prediction]
[2026-01-11 18:55:14,413: WARNING: connectionpool: Retrying (Retry(total=2, connect=2, read=5, redirect=5, status=5)) after connection broken by 'NewConnectionError("HTTPConnection(host='localhost', port=5001): Failed to establish a new connection: [Errno 111] Connection refused")': /api/2.0/mlflow/experiments/get-by-name?experiment_name=car_price_prediction]
[2026-01-11 18:55:30,628: WARNING: connectionpool: Retrying (Retry(total=1, connect=1, read=5, redirect=5, status=5)) after connection broken by 'NewConnectionError("HTTPConnection(host='localhost', port=5001): Failed to establish a new connection: [Errno 111] Connection refused")': /api/2.0/mlflow/experiments/get-by-name?experiment_name=car_price_prediction]
[2026-01-11 18:56:02,886: WARNING: connectionpool: Retrying (Retry(total=0, connect=0, read=5, redirect=5, status=5)) after connection broken by 'NewConnectionError("HTTPConnection(host='localhost', port=5001): Failed to establish a new connection: [Errno 111] Connection refused")': /api/2.0/mlflow/experiments/get-by-name?experiment_name=car_price_prediction]
[2026-01-11 18:56:02,887: WARNING: model_tracking: Could not connect to MLflow server: API request to http://localhost:5001/api/2.0/mlflow/experiments/get-by-name failed with exception HTTPConnectionPool(host='localhost', port=5001): Max retries exceeded with url: /api/2.0/mlflow/experiments/get-by-name?experiment_name=car_price_prediction (Caused by NewConnectionError("HTTPConnection(host='localhost', port=5001): Failed to establish a new connection: [Errno 111] Connection refused"))]
[2026-01-11 18:56:02,889: WARNING: connectionpool: Retrying (Retry(total=4, connect=4, read=5, redirect=5, status=5)) after connection broken by 'NewConnectionError("HTTPConnection(host='localhost', port=5001): Failed to establish a new connection: [Errno 111] Connection refused")': /api/2.0/mlflow/experiments/get-by-name?experiment_name=car_price_prediction]
[2026-01-11 18:56:07,752: WARNING: connectionpool: Retrying (Retry(total=3, connect=3, read=5, redirect=5, status=5)) after connection broken by 'NewConnectionError("HTTPConnection(host='localhost', port=5001): Failed to establish a new connection: [Errno 111] Connection refused")': /api/2.0/mlflow/experiments/get-by-name?experiment_name=car_price_prediction]
[2026-01-11 18:57:24,652: INFO: main: >>>>>> stage Data Ingestion stage started <<<<<<]
[2026-01-11 18:57:24,654: INFO: common: yaml file: config/config.yaml loaded successfully]
[2026-01-11 18:57:24,656: INFO: common: yaml file: params.yaml loaded successfully]
[2026-01-11 18:57:24,656: INFO: common: created directory at: artifacts]
[2026-01-11 18:57:24,657: INFO: common: created directory at: artifacts/data_ingestion]
[2026-01-11 18:57:24,657: INFO: data_ingestion: File already exists with size: ~ 429 KB]
[2026-01-11 18:57:24,668: INFO: data_ingestion: Extracted zip file to artifacts/data_ingestion]
[2026-01-11 18:57:24,669: INFO: main: >>>>>> stage Data Ingestion stage completed <<<<<<

x==========x]
[2026-01-11 18:57:24,669: INFO: main: *******************]
[2026-01-11 18:57:24,669: INFO: main: >>>>>> stage Prepare base model started <<<<<<]
[2026-01-11 18:57:24,670: INFO: common: yaml file: config/config.yaml loaded successfully]
[2026-01-11 18:57:24,672: INFO: common: yaml file: params.yaml loaded successfully]
[2026-01-11 18:57:24,672: INFO: common: created directory at: artifacts]
[2026-01-11 18:57:24,673: INFO: common: created directory at: artifacts/prepare_base_model]
[2026-01-11 18:57:24,673: INFO: stage_02_prepare_base_model: Creating base model]
[2026-01-11 18:57:24,673: INFO: prepare_base_model: ✅ Base model saved at: artifacts/prepare_base_model/base_model.pkl]
[2026-01-11 18:57:24,673: INFO: stage_02_prepare_base_model: Updating base model with training data]
[2026-01-11 18:57:24,808: INFO: prepare_base_model: ✅ Trained model saved at: artifacts/prepare_base_model/base_model_updated.pkl]
[2026-01-11 18:57:24,809: INFO: main: >>>>>> stage Prepare base model completed <<<<<<

x==========x]
[2026-01-11 18:57:24,810: INFO: main: *******************]
[2026-01-11 18:57:24,810: INFO: main: >>>>>> stage Training started <<<<<<]
[2026-01-11 18:57:24,810: INFO: main: Using ADVANCED training pipeline with model comparison and MLflow tracking]
[2026-01-11 18:57:24,812: INFO: common: yaml file: config/config.yaml loaded successfully]
[2026-01-11 18:57:24,815: INFO: common: yaml file: params.yaml loaded successfully]
[2026-01-11 18:57:24,815: INFO: common: created directory at: artifacts]
[2026-01-11 18:57:24,842: WARNING: connectionpool: Retrying (Retry(total=4, connect=4, read=5, redirect=5, status=5)) after connection broken by 'NewConnectionError("HTTPConnection(host='localhost', port=5001): Failed to establish a new connection: [Errno 111] Connection refused")': /api/2.0/mlflow/experiments/get-by-name?experiment_name=car_price_prediction]
[2026-01-11 18:57:29,259: WARNING: connectionpool: Retrying (Retry(total=3, connect=3, read=5, redirect=5, status=5)) after connection broken by 'NewConnectionError("HTTPConnection(host='localhost', port=5001): Failed to establish a new connection: [Errno 111] Connection refused")': /api/2.0/mlflow/experiments/get-by-name?experiment_name=car_price_prediction]
[2026-01-11 18:57:37,328: WARNING: connectionpool: Retrying (Retry(total=2, connect=2, read=5, redirect=5, status=5)) after connection broken by 'NewConnectionError("HTTPConnection(host='localhost', port=5001): Failed to establish a new connection: [Errno 111] Connection refused")': /api/2.0/mlflow/experiments/get-by-name?experiment_name=car_price_prediction]
[2026-01-11 18:57:53,412: WARNING: connectionpool: Retrying (Retry(total=1, connect=1, read=5, redirect=5, status=5)) after connection broken by 'NewConnectionError("HTTPConnection(host='localhost', port=5001): Failed to establish a new connection: [Errno 111] Connection refused")': /api/2.0/mlflow/experiments/get-by-name?experiment_name=car_price_prediction]
[2026-01-11 18:58:22,588: INFO: main: >>>>>> stage Data Ingestion stage started <<<<<<]
[2026-01-11 18:58:22,590: INFO: common: yaml file: config/config.yaml loaded successfully]
[2026-01-11 18:58:22,592: INFO: common: yaml file: params.yaml loaded successfully]
[2026-01-11 18:58:22,592: INFO: common: created directory at: artifacts]
[2026-01-11 18:58:22,592: INFO: common: created directory at: artifacts/data_ingestion]
[2026-01-11 18:58:22,593: INFO: data_ingestion: File already exists with size: ~ 429 KB]
[2026-01-11 18:58:22,603: INFO: data_ingestion: Extracted zip file to artifacts/data_ingestion]
[2026-01-11 18:58:22,604: INFO: main: >>>>>> stage Data Ingestion stage completed <<<<<<

x==========x]
[2026-01-11 18:58:22,604: INFO: main: *******************]
[2026-01-11 18:58:22,604: INFO: main: >>>>>> stage Prepare base model started <<<<<<]
[2026-01-11 18:58:22,605: INFO: common: yaml file: config/config.yaml loaded successfully]
[2026-01-11 18:58:22,607: INFO: common: yaml file: params.yaml loaded successfully]
[2026-01-11 18:58:22,607: INFO: common: created directory at: artifacts]
[2026-01-11 18:58:22,607: INFO: common: created directory at: artifacts/prepare_base_model]
[2026-01-11 18:58:22,607: INFO: stage_02_prepare_base_model: Creating base model]
[2026-01-11 18:58:22,608: INFO: prepare_base_model: ✅ Base model saved at: artifacts/prepare_base_model/base_model.pkl]
[2026-01-11 18:58:22,608: INFO: stage_02_prepare_base_model: Updating base model with training data]
[2026-01-11 18:58:22,741: INFO: prepare_base_model: ✅ Trained model saved at: artifacts/prepare_base_model/base_model_updated.pkl]
[2026-01-11 18:58:22,742: INFO: main: >>>>>> stage Prepare base model completed <<<<<<

x==========x]
[2026-01-11 18:58:22,742: INFO: main: *******************]
[2026-01-11 18:58:22,742: INFO: main: >>>>>> stage Training started <<<<<<]
[2026-01-11 18:58:22,742: INFO: main: Using ADVANCED training pipeline with model comparison and MLflow tracking]
[2026-01-11 18:58:22,745: INFO: common: yaml file: config/config.yaml loaded successfully]
[2026-01-11 18:58:22,747: INFO: common: yaml file: params.yaml loaded successfully]
[2026-01-11 18:58:22,748: INFO: common: created directory at: artifacts]
[2026-01-11 18:58:22,774: WARNING: connectionpool: Retrying (Retry(total=4, connect=4, read=5, redirect=5, status=5)) after connection broken by 'NewConnectionError("HTTPConnection(host='localhost', port=5001): Failed to establish a new connection: [Errno 111] Connection refused")': /api/2.0/mlflow/experiments/get-by-name?experiment_name=car_price_prediction]
[2026-01-11 18:58:26,947: WARNING: connectionpool: Retrying (Retry(total=3, connect=3, read=5, redirect=5, status=5)) after connection broken by 'NewConnectionError("HTTPConnection(host='localhost', port=5001): Failed to establish a new connection: [Errno 111] Connection refused")': /api/2.0/mlflow/experiments/get-by-name?experiment_name=car_price_prediction]
[2026-01-11 18:58:35,539: WARNING: connectionpool: Retrying (Retry(total=2, connect=2, read=5, redirect=5, status=5)) after connection broken by 'NewConnectionError("HTTPConnection(host='localhost', port=5001): Failed to establish a new connection: [Errno 111] Connection refused")': /api/2.0/mlflow/experiments/get-by-name?experiment_name=car_price_prediction]
[2026-01-11 18:58:44,122: INFO: main: >>>>>> stage Data Ingestion stage started <<<<<<]
[2026-01-11 18:58:44,124: INFO: common: yaml file: config/config.yaml loaded successfully]
[2026-01-11 18:58:44,126: INFO: common: yaml file: params.yaml loaded successfully]
[2026-01-11 18:58:44,127: INFO: common: created directory at: artifacts]
[2026-01-11 18:58:44,127: INFO: common: created directory at: artifacts/data_ingestion]
[2026-01-11 18:58:44,127: INFO: data_ingestion: File already exists with size: ~ 429 KB]
[2026-01-11 18:58:44,137: INFO: data_ingestion: Extracted zip file to artifacts/data_ingestion]
[2026-01-11 18:58:44,137: INFO: main: >>>>>> stage Data Ingestion stage completed <<<<<<

x==========x]
[2026-01-11 18:58:44,137: INFO: main: *******************]
[2026-01-11 18:58:44,137: INFO: main: >>>>>> stage Prepare base model started <<<<<<]
[2026-01-11 18:58:44,139: INFO: common: yaml file: config/config.yaml loaded successfully]
[2026-01-11 18:58:44,141: INFO: common: yaml file: params.yaml loaded successfully]
[2026-01-11 18:58:44,141: INFO: common: created directory at: artifacts]
[2026-01-11 18:58:44,141: INFO: common: created directory at: artifacts/prepare_base_model]
[2026-01-11 18:58:44,141: INFO: stage_02_prepare_base_model: Creating base model]
[2026-01-11 18:58:44,142: INFO: prepare_base_model: ✅ Base model saved at: artifacts/prepare_base_model/base_model.pkl]
[2026-01-11 18:58:44,142: INFO: stage_02_prepare_base_model: Updating base model with training data]
[2026-01-11 18:58:44,276: INFO: prepare_base_model: ✅ Trained model saved at: artifacts/prepare_base_model/base_model_updated.pkl]
[2026-01-11 18:58:44,277: INFO: main: >>>>>> stage Prepare base model completed <<<<<<

x==========x]
[2026-01-11 18:58:44,277: INFO: main: *******************]
[2026-01-11 18:58:44,277: INFO: main: >>>>>> stage Training started <<<<<<]
[2026-01-11 18:58:44,277: INFO: main: Using ADVANCED training pipeline with model comparison and MLflow tracking]
[2026-01-11 18:58:44,280: INFO: common: yaml file: config/config.yaml loaded successfully]
[2026-01-11 18:58:44,282: INFO: common: yaml file: params.yaml loaded successfully]
[2026-01-11 18:58:44,283: INFO: common: created directory at: artifacts]
[2026-01-11 18:58:44,309: WARNING: connectionpool: Retrying (Retry(total=4, connect=4, read=5, redirect=5, status=5)) after connection broken by 'NewConnectionError("HTTPConnection(host='localhost', port=5001): Failed to establish a new connection: [Errno 111] Connection refused")': /api/2.0/mlflow/experiments/get-by-name?experiment_name=car_price_prediction]
[2026-01-11 18:59:03,936: INFO: main: >>>>>> stage Data Ingestion stage started <<<<<<]
[2026-01-11 18:59:03,938: INFO: common: yaml file: config/config.yaml loaded successfully]
[2026-01-11 18:59:03,940: INFO: common: yaml file: params.yaml loaded successfully]
[2026-01-11 18:59:03,940: INFO: common: created directory at: artifacts]
[2026-01-11 18:59:03,940: INFO: common: created directory at: artifacts/data_ingestion]
[2026-01-11 18:59:03,940: INFO: data_ingestion: File already exists with size: ~ 429 KB]
[2026-01-11 18:59:03,951: INFO: data_ingestion: Extracted zip file to artifacts/data_ingestion]
[2026-01-11 18:59:03,951: INFO: main: >>>>>> stage Data Ingestion stage completed <<<<<<

x==========x]
[2026-01-11 18:59:03,951: INFO: main: *******************]
[2026-01-11 18:59:03,951: INFO: main: >>>>>> stage Prepare base model started <<<<<<]
[2026-01-11 18:59:03,953: INFO: common: yaml file: config/config.yaml loaded successfully]
[2026-01-11 18:59:03,954: INFO: common: yaml file: params.yaml loaded successfully]
[2026-01-11 18:59:03,955: INFO: common: created directory at: artifacts]
[2026-01-11 18:59:03,955: INFO: common: created directory at: artifacts/prepare_base_model]
[2026-01-11 18:59:03,955: INFO: stage_02_prepare_base_model: Creating base model]
[2026-01-11 18:59:03,955: INFO: prepare_base_model: ✅ Base model saved at: artifacts/prepare_base_model/base_model.pkl]
[2026-01-11 18:59:03,955: INFO: stage_02_prepare_base_model: Updating base model with training data]
[2026-01-11 18:59:04,089: INFO: prepare_base_model: ✅ Trained model saved at: artifacts/prepare_base_model/base_model_updated.pkl]
[2026-01-11 18:59:04,090: INFO: main: >>>>>> stage Prepare base model completed <<<<<<

x==========x]
[2026-01-11 18:59:04,090: INFO: main: *******************]
[2026-01-11 18:59:04,090: INFO: main: >>>>>> stage Training started <<<<<<]
[2026-01-11 18:59:04,090: INFO: main: Using ADVANCED training pipeline with model comparison and MLflow tracking]
[2026-01-11 18:59:04,093: INFO: common: yaml file: config/config.yaml loaded successfully]
[2026-01-11 18:59:04,095: INFO: common: yaml file: params.yaml loaded successfully]
[2026-01-11 18:59:04,096: INFO: common: created directory at: artifacts]
[2026-01-11 18:59:04,122: WARNING: connectionpool: Retrying (Retry(total=4, connect=4, read=5, redirect=5, status=5)) after connection broken by 'NewConnectionError("HTTPConnection(host='localhost', port=5001): Failed to establish a new connection: [Errno 111] Connection refused")': /api/2.0/mlflow/experiments/get-by-name?experiment_name=car_price_prediction]
[2026-01-11 18:59:08,620: WARNING: connectionpool: Retrying (Retry(total=3, connect=3, read=5, redirect=5, status=5)) after connection broken by 'NewConnectionError("HTTPConnection(host='localhost', port=5001): Failed to establish a new connection: [Errno 111] Connection refused")': /api/2.0/mlflow/experiments/get-by-name?experiment_name=car_price_prediction]
[2026-01-11 18:59:16,959: WARNING: connectionpool: Retrying (Retry(total=2, connect=2, read=5, redirect=5, status=5)) after connection broken by 'NewConnectionError("HTTPConnection(host='localhost', port=5001): Failed to establish a new connection: [Errno 111] Connection refused")': /api/2.0/mlflow/experiments/get-by-name?experiment_name=car_price_prediction]
[2026-01-11 19:01:30,259: INFO: main: >>>>>> stage Data Ingestion stage started <<<<<<]
[2026-01-11 19:01:30,261: INFO: common: yaml file: config/config.yaml loaded successfully]
[2026-01-11 19:01:30,263: INFO: common: yaml file: params.yaml loaded successfully]
[2026-01-11 19:01:30,264: INFO: common: created directory at: artifacts]
[2026-01-11 19:01:30,264: INFO: common: created directory at: artifacts/data_ingestion]
[2026-01-11 19:01:30,264: INFO: data_ingestion: File already exists with size: ~ 429 KB]
[2026-01-11 19:01:30,275: INFO: data_ingestion: Extracted zip file to artifacts/data_ingestion]
[2026-01-11 19:01:30,275: INFO: main: >>>>>> stage Data Ingestion stage completed <<<<<<

x==========x]
[2026-01-11 19:01:30,275: INFO: main: *******************]
[2026-01-11 19:01:30,275: INFO: main: >>>>>> stage Prepare base model started <<<<<<]
[2026-01-11 19:01:30,277: INFO: common: yaml file: config/config.yaml loaded successfully]
[2026-01-11 19:01:30,278: INFO: common: yaml file: params.yaml loaded successfully]
[2026-01-11 19:01:30,279: INFO: common: created directory at: artifacts]
[2026-01-11 19:01:30,279: INFO: common: created directory at: artifacts/prepare_base_model]
[2026-01-11 19:01:30,279: INFO: stage_02_prepare_base_model: Creating base model]
[2026-01-11 19:01:30,279: INFO: prepare_base_model: ✅ Base model saved at: artifacts/prepare_base_model/base_model.pkl]
[2026-01-11 19:01:30,280: INFO: stage_02_prepare_base_model: Updating base model with training data]
[2026-01-11 19:01:30,415: INFO: prepare_base_model: ✅ Trained model saved at: artifacts/prepare_base_model/base_model_updated.pkl]
[2026-01-11 19:01:30,416: INFO: main: >>>>>> stage Prepare base model completed <<<<<<

x==========x]
[2026-01-11 19:01:30,416: INFO: main: *******************]
[2026-01-11 19:01:30,416: INFO: main: >>>>>> stage Training started <<<<<<]
[2026-01-11 19:01:30,416: INFO: main: Using ADVANCED training pipeline with model comparison and MLflow tracking]
[2026-01-11 19:01:30,419: INFO: common: yaml file: config/config.yaml loaded successfully]
[2026-01-11 19:01:30,421: INFO: common: yaml file: params.yaml loaded successfully]
[2026-01-11 19:01:30,422: INFO: common: created directory at: artifacts]
[2026-01-11 19:02:32,385: WARNING: model_tracking: Could not initialize MLflow: API request to http://localhost:5001/api/2.0/mlflow/experiments/get-by-name failed with exception HTTPConnectionPool(host='localhost', port=5001): Max retries exceeded with url: /api/2.0/mlflow/experiments/get-by-name?experiment_name=car_price_prediction (Caused by NewConnectionError("HTTPConnection(host='localhost', port=5001): Failed to establish a new connection: [Errno 111] Connection refused")) - tracking disabled]
[2026-01-11 19:02:32,385: INFO: common: created directory at: artifacts/training]
[2026-01-11 19:02:32,385: INFO: common: created directory at: artifacts/prepare_base_model]
[2026-01-11 19:02:32,385: INFO: stage_03_advanced_training: Loading training data]
[2026-01-11 19:02:32,418: INFO: stage_03_advanced_training: Preprocessing data]
[2026-01-11 19:02:32,504: INFO: stage_03_advanced_training: Splitting data into train/test sets]
[2026-01-11 19:02:32,507: INFO: stage_03_advanced_training: Applying feature scaling]
[2026-01-11 19:02:32,513: INFO: stage_03_advanced_training: Comparing different models]
[2026-01-11 19:02:32,513: INFO: stage_03_advanced_training: Starting model comparison]
[2026-01-11 19:02:32,513: INFO: model_comparison: Initialized 4 models: ['linear_regression', 'random_forest', 'xgboost', 'gradient_boosting']]
[2026-01-11 19:02:32,513: INFO: model_comparison: Evaluating linear_regression...]
[2026-01-11 19:02:34,112: INFO: model_comparison: linear_regression: CV R² = -0.2312 ± 0.1544, Test R² = -0.1516, RMSE = 18942.70]
[2026-01-11 19:02:34,118: INFO: model_comparison: Evaluating random_forest...]
[2026-01-11 19:02:43,657: INFO: model_comparison: random_forest: CV R² = -15.5880 ± 12.0660, Test R² = -38.3133, RMSE = 110679.20]
[2026-01-11 19:02:43,657: INFO: model_comparison: Evaluating xgboost...]
[2026-01-11 19:02:44,450: INFO: model_comparison: xgboost: CV R² = -8.3458 ± 12.0360, Test R² = -735.8846, RMSE = 479177.14]
[2026-01-11 19:02:44,450: INFO: model_comparison: Evaluating gradient_boosting...]
[2026-01-11 19:02:51,610: INFO: model_comparison: gradient_boosting: CV R² = -11.5678 ± 23.4762, Test R² = -575.3811, RMSE = 423790.51]
[2026-01-11 19:02:51,611: INFO: model_comparison: Comparison results saved to artifacts/model_comparison/model_comparison.json]
[2026-01-11 19:02:51,611: INFO: model_comparison: Best model: linear_regression]
[2026-01-11 19:02:51,611: INFO: stage_03_advanced_training: Best model selected: linear_regression]
[2026-01-11 19:02:51,611: INFO: model_comparison: Initialized 4 models: ['linear_regression', 'random_forest', 'xgboost', 'gradient_boosting']]
[2026-01-11 19:02:51,611: INFO: model_comparison: Training linear_regression...]
[2026-01-11 19:02:51,615: INFO: model_comparison: linear_regression trained successfully]
[2026-01-11 19:02:51,615: INFO: stage_03_advanced_training: Analyzing feature importance]
[2026-01-11 19:02:51,615: INFO: stage_03_advanced_training: Analyzing feature importance]
[2026-01-11 19:02:51,616: INFO: feature_importance: Using linear model coefficients]
[2026-01-11 19:02:51,617: INFO: feature_importance: Linear coefficients calculated successfully]
[2026-01-11 19:02:51,617: INFO: feature_importance: Calculating permutation importance]
[2026-01-11 19:02:51,733: INFO: feature_importance: Permutation importance calculated successfully]
[2026-01-11 19:02:51,735: INFO: feature_importance: Feature importance saved to artifacts/feature_importance/feature_importance.csv]
[2026-01-11 19:02:51,736: INFO: feature_importance: Feature importance saved to artifacts/feature_importance/feature_importance.json]
[2026-01-11 19:02:52,156: INFO: feature_importance: Feature importance plot saved to artifacts/feature_importance/feature_importance_plot.png]
[2026-01-11 19:02:52,156: INFO: feature_importance: Feature analysis completed successfully]
[2026-01-11 19:02:52,159: INFO: stage_03_advanced_training: Versioning model]
[2026-01-11 19:02:52,159: INFO: model_tracking: Model version 1 created]
[2026-01-11 19:02:52,159: INFO: stage_03_advanced_training: Saving artifacts]
[2026-01-11 19:02:52,159: ERROR: stage_03_advanced_training: Error in advanced training pipeline: [Errno 17] File exists: 'artifacts/training/model.pkl']
Traceback (most recent call last):
  File "/workspaces/car_price_prediction/src/car_price_prediction/pipeline/stage_03_advanced_training.py", line 236, in main
    self.save_artifacts(training_config)
  File "/workspaces/car_price_prediction/src/car_price_prediction/pipeline/stage_03_advanced_training.py", line 159, in save_artifacts
    model_path.parent.mkdir(parents=True, exist_ok=True)
  File "/usr/local/python/3.12.1/lib/python3.12/pathlib.py", line 1311, in mkdir
    os.mkdir(self, mode)
FileExistsError: [Errno 17] File exists: 'artifacts/training/model.pkl'
[2026-01-11 19:02:52,161: ERROR: main: [Errno 17] File exists: 'artifacts/training/model.pkl']
Traceback (most recent call last):
  File "/workspaces/car_price_prediction/main.py", line 64, in <module>
    model_trainer.main()
  File "/workspaces/car_price_prediction/src/car_price_prediction/pipeline/stage_03_advanced_training.py", line 258, in main
    raise e
  File "/workspaces/car_price_prediction/src/car_price_prediction/pipeline/stage_03_advanced_training.py", line 236, in main
    self.save_artifacts(training_config)
  File "/workspaces/car_price_prediction/src/car_price_prediction/pipeline/stage_03_advanced_training.py", line 159, in save_artifacts
    model_path.parent.mkdir(parents=True, exist_ok=True)
  File "/usr/local/python/3.12.1/lib/python3.12/pathlib.py", line 1311, in mkdir
    os.mkdir(self, mode)
FileExistsError: [Errno 17] File exists: 'artifacts/training/model.pkl'
[2026-01-11 19:03:09,515: INFO: main: >>>>>> stage Data Ingestion stage started <<<<<<]
[2026-01-11 19:03:09,517: INFO: common: yaml file: config/config.yaml loaded successfully]
[2026-01-11 19:03:09,519: INFO: common: yaml file: params.yaml loaded successfully]
[2026-01-11 19:03:09,519: INFO: common: created directory at: artifacts]
[2026-01-11 19:03:09,519: INFO: common: created directory at: artifacts/data_ingestion]
[2026-01-11 19:03:10,733: INFO: data_ingestion: artifacts/data_ingestion/data.zip downloaded with the following info: 
Connection: close
Content-Length: 439363
Cache-Control: max-age=300
Content-Security-Policy: default-src 'none'; style-src 'unsafe-inline'; sandbox
Content-Type: application/zip
ETag: "f02129725677995f2b90e6feee5c59cb0cc92525384c3ad1f4f2bc5010823136"
Strict-Transport-Security: max-age=31536000
X-Content-Type-Options: nosniff
X-Frame-Options: deny
X-XSS-Protection: 1; mode=block
X-GitHub-Request-Id: B34E:10F3E3:62169C:BC2C1C:6963F3EC
Accept-Ranges: bytes
Date: Sun, 11 Jan 2026 19:03:10 GMT
Via: 1.1 varnish
X-Served-By: cache-sin-wsss1830066-SIN
X-Cache: MISS
X-Cache-Hits: 0
X-Timer: S1768158190.030530,VS0,VE538
Vary: Authorization,Accept-Encoding
Access-Control-Allow-Origin: *
Cross-Origin-Resource-Policy: cross-origin
X-Fastly-Request-ID: 5c8d34930cd4568fd47ffe7a191f867859e51094
Expires: Sun, 11 Jan 2026 19:08:10 GMT
Source-Age: 0

]
[2026-01-11 19:03:10,743: INFO: data_ingestion: Extracted zip file to artifacts/data_ingestion]
[2026-01-11 19:03:10,743: INFO: main: >>>>>> stage Data Ingestion stage completed <<<<<<

x==========x]
[2026-01-11 19:03:10,743: INFO: main: *******************]
[2026-01-11 19:03:10,743: INFO: main: >>>>>> stage Prepare base model started <<<<<<]
[2026-01-11 19:03:10,745: INFO: common: yaml file: config/config.yaml loaded successfully]
[2026-01-11 19:03:10,746: INFO: common: yaml file: params.yaml loaded successfully]
[2026-01-11 19:03:10,747: INFO: common: created directory at: artifacts]
[2026-01-11 19:03:10,747: INFO: common: created directory at: artifacts/prepare_base_model]
[2026-01-11 19:03:10,747: INFO: stage_02_prepare_base_model: Creating base model]
[2026-01-11 19:03:10,747: INFO: prepare_base_model: ✅ Base model saved at: artifacts/prepare_base_model/base_model.pkl]
[2026-01-11 19:03:10,747: INFO: stage_02_prepare_base_model: Updating base model with training data]
[2026-01-11 19:03:10,879: INFO: prepare_base_model: ✅ Trained model saved at: artifacts/prepare_base_model/base_model_updated.pkl]
[2026-01-11 19:03:10,880: INFO: main: >>>>>> stage Prepare base model completed <<<<<<

x==========x]
[2026-01-11 19:03:10,880: INFO: main: *******************]
[2026-01-11 19:03:10,880: INFO: main: >>>>>> stage Training started <<<<<<]
[2026-01-11 19:03:10,880: INFO: main: Using ADVANCED training pipeline with model comparison and MLflow tracking]
[2026-01-11 19:03:10,882: INFO: common: yaml file: config/config.yaml loaded successfully]
[2026-01-11 19:03:10,885: INFO: common: yaml file: params.yaml loaded successfully]
[2026-01-11 19:03:10,885: INFO: common: created directory at: artifacts]
[2026-01-11 19:04:13,198: WARNING: model_tracking: Could not initialize MLflow: API request to http://localhost:5001/api/2.0/mlflow/experiments/get-by-name failed with exception HTTPConnectionPool(host='localhost', port=5001): Max retries exceeded with url: /api/2.0/mlflow/experiments/get-by-name?experiment_name=car_price_prediction (Caused by NewConnectionError("HTTPConnection(host='localhost', port=5001): Failed to establish a new connection: [Errno 111] Connection refused")) - tracking disabled]
[2026-01-11 19:04:13,199: INFO: common: created directory at: artifacts/training]
[2026-01-11 19:04:13,199: INFO: common: created directory at: artifacts/prepare_base_model]
[2026-01-11 19:04:13,199: INFO: stage_03_advanced_training: Loading training data]
[2026-01-11 19:04:13,234: INFO: stage_03_advanced_training: Preprocessing data]
[2026-01-11 19:04:13,322: INFO: stage_03_advanced_training: Splitting data into train/test sets]
[2026-01-11 19:04:13,325: INFO: stage_03_advanced_training: Applying feature scaling]
[2026-01-11 19:04:13,330: INFO: stage_03_advanced_training: Comparing different models]
[2026-01-11 19:04:13,330: INFO: stage_03_advanced_training: Starting model comparison]
[2026-01-11 19:04:13,331: INFO: model_comparison: Initialized 4 models: ['linear_regression', 'random_forest', 'xgboost', 'gradient_boosting']]
[2026-01-11 19:04:13,331: INFO: model_comparison: Evaluating linear_regression...]
[2026-01-11 19:04:14,794: INFO: model_comparison: linear_regression: CV R² = -0.2312 ± 0.1544, Test R² = -0.1516, RMSE = 18942.70]
[2026-01-11 19:04:14,798: INFO: model_comparison: Evaluating random_forest...]
[2026-01-11 19:04:23,534: INFO: model_comparison: random_forest: CV R² = -15.5880 ± 12.0660, Test R² = -38.3133, RMSE = 110679.20]
[2026-01-11 19:04:23,534: INFO: model_comparison: Evaluating xgboost...]
[2026-01-11 19:04:24,127: INFO: model_comparison: xgboost: CV R² = -8.3458 ± 12.0360, Test R² = -735.8846, RMSE = 479177.14]
[2026-01-11 19:04:24,127: INFO: model_comparison: Evaluating gradient_boosting...]
[2026-01-11 19:04:31,260: INFO: model_comparison: gradient_boosting: CV R² = -11.5678 ± 23.4762, Test R² = -575.3811, RMSE = 423790.51]
[2026-01-11 19:04:31,261: INFO: model_comparison: Comparison results saved to artifacts/model_comparison/model_comparison.json]
[2026-01-11 19:04:31,261: INFO: model_comparison: Best model: linear_regression]
[2026-01-11 19:04:31,261: INFO: stage_03_advanced_training: Best model selected: linear_regression]
[2026-01-11 19:04:31,261: INFO: model_comparison: Initialized 4 models: ['linear_regression', 'random_forest', 'xgboost', 'gradient_boosting']]
[2026-01-11 19:04:31,261: INFO: model_comparison: Training linear_regression...]
[2026-01-11 19:04:31,265: INFO: model_comparison: linear_regression trained successfully]
[2026-01-11 19:04:31,265: INFO: stage_03_advanced_training: Analyzing feature importance]
[2026-01-11 19:04:31,265: INFO: stage_03_advanced_training: Analyzing feature importance]
[2026-01-11 19:04:31,265: INFO: feature_importance: Using linear model coefficients]
[2026-01-11 19:04:31,267: INFO: feature_importance: Linear coefficients calculated successfully]
[2026-01-11 19:04:31,267: INFO: feature_importance: Calculating permutation importance]
[2026-01-11 19:04:31,396: INFO: feature_importance: Permutation importance calculated successfully]
[2026-01-11 19:04:31,397: INFO: feature_importance: Feature importance saved to artifacts/feature_importance/feature_importance.csv]
[2026-01-11 19:04:31,398: INFO: feature_importance: Feature importance saved to artifacts/feature_importance/feature_importance.json]
[2026-01-11 19:04:31,831: INFO: feature_importance: Feature importance plot saved to artifacts/feature_importance/feature_importance_plot.png]
[2026-01-11 19:04:31,831: INFO: feature_importance: Feature analysis completed successfully]
[2026-01-11 19:04:31,834: INFO: stage_03_advanced_training: Versioning model]
[2026-01-11 19:04:31,834: INFO: model_tracking: Model version 1 created]
[2026-01-11 19:04:31,835: INFO: stage_03_advanced_training: Saving artifacts]
[2026-01-11 19:04:31,835: INFO: stage_03_advanced_training: Model saved to artifacts/training/model.pkl/model.pkl]
[2026-01-11 19:04:31,836: INFO: stage_03_advanced_training: Scaler saved to artifacts/training/model.pkl/scaler.pkl]
[2026-01-11 19:04:31,840: INFO: stage_03_advanced_training: Label encoders saved to artifacts/training/model.pkl/label_encoders.pkl]
[2026-01-11 19:04:31,840: INFO: stage_03_advanced_training: ==================================================]
[2026-01-11 19:04:31,840: INFO: stage_03_advanced_training: TRAINING COMPLETED SUCCESSFULLY]
[2026-01-11 19:04:31,840: INFO: stage_03_advanced_training: ==================================================]
[2026-01-11 19:04:31,840: INFO: stage_03_advanced_training: Best Model: linear_regression]
[2026-01-11 19:04:31,840: INFO: stage_03_advanced_training: R² Score: -0.1516]
[2026-01-11 19:04:31,841: INFO: stage_03_advanced_training: RMSE: $18942.70]
[2026-01-11 19:04:31,841: INFO: stage_03_advanced_training: MAE: $13334.47]
[2026-01-11 19:04:31,841: ERROR: stage_03_advanced_training: Error in advanced training pipeline: 'NoneType' object is not subscriptable]
Traceback (most recent call last):
  File "/workspaces/car_price_prediction/src/car_price_prediction/pipeline/stage_03_advanced_training.py", line 247, in main
    logger.info(f"Model Version: {version_info['version']}")
                                  ~~~~~~~~~~~~^^^^^^^^^^^
TypeError: 'NoneType' object is not subscriptable
[2026-01-11 19:04:31,841: ERROR: main: 'NoneType' object is not subscriptable]
Traceback (most recent call last):
  File "/workspaces/car_price_prediction/main.py", line 64, in <module>
    model_trainer.main()
  File "/workspaces/car_price_prediction/src/car_price_prediction/pipeline/stage_03_advanced_training.py", line 259, in main
    raise e
  File "/workspaces/car_price_prediction/src/car_price_prediction/pipeline/stage_03_advanced_training.py", line 247, in main
    logger.info(f"Model Version: {version_info['version']}")
                                  ~~~~~~~~~~~~^^^^^^^^^^^
TypeError: 'NoneType' object is not subscriptable
[2026-01-11 19:04:50,407: INFO: main: >>>>>> stage Data Ingestion stage started <<<<<<]
[2026-01-11 19:04:50,410: INFO: common: yaml file: config/config.yaml loaded successfully]
[2026-01-11 19:04:50,413: INFO: common: yaml file: params.yaml loaded successfully]
[2026-01-11 19:04:50,413: INFO: common: created directory at: artifacts]
[2026-01-11 19:04:50,413: INFO: common: created directory at: artifacts/data_ingestion]
[2026-01-11 19:04:50,785: INFO: data_ingestion: artifacts/data_ingestion/data.zip downloaded with the following info: 
Connection: close
Content-Length: 439363
Cache-Control: max-age=300
Content-Security-Policy: default-src 'none'; style-src 'unsafe-inline'; sandbox
Content-Type: application/zip
ETag: "f02129725677995f2b90e6feee5c59cb0cc92525384c3ad1f4f2bc5010823136"
Strict-Transport-Security: max-age=31536000
X-Content-Type-Options: nosniff
X-Frame-Options: deny
X-XSS-Protection: 1; mode=block
X-GitHub-Request-Id: B34E:10F3E3:62169C:BC2C1C:6963F3EC
Accept-Ranges: bytes
Date: Sun, 11 Jan 2026 19:04:50 GMT
Via: 1.1 varnish
X-Served-By: cache-sin-wsss1830074-SIN
X-Cache: HIT
X-Cache-Hits: 0
X-Timer: S1768158291.612154,VS0,VE1
Vary: Authorization,Accept-Encoding
Access-Control-Allow-Origin: *
Cross-Origin-Resource-Policy: cross-origin
X-Fastly-Request-ID: 897b2e2db31641f04a9c95ce6371a57fbcfce84e
Expires: Sun, 11 Jan 2026 19:09:50 GMT
Source-Age: 100

]
[2026-01-11 19:04:50,795: INFO: data_ingestion: Extracted zip file to artifacts/data_ingestion]
[2026-01-11 19:04:50,795: INFO: main: >>>>>> stage Data Ingestion stage completed <<<<<<

x==========x]
[2026-01-11 19:04:50,795: INFO: main: *******************]
[2026-01-11 19:04:50,795: INFO: main: >>>>>> stage Prepare base model started <<<<<<]
[2026-01-11 19:04:50,797: INFO: common: yaml file: config/config.yaml loaded successfully]
[2026-01-11 19:04:50,799: INFO: common: yaml file: params.yaml loaded successfully]
[2026-01-11 19:04:50,799: INFO: common: created directory at: artifacts]
[2026-01-11 19:04:50,799: INFO: common: created directory at: artifacts/prepare_base_model]
[2026-01-11 19:04:50,799: INFO: stage_02_prepare_base_model: Creating base model]
[2026-01-11 19:04:50,800: INFO: prepare_base_model: ✅ Base model saved at: artifacts/prepare_base_model/base_model.pkl]
[2026-01-11 19:04:50,800: INFO: stage_02_prepare_base_model: Updating base model with training data]
[2026-01-11 19:04:50,932: INFO: prepare_base_model: ✅ Trained model saved at: artifacts/prepare_base_model/base_model_updated.pkl]
[2026-01-11 19:04:50,933: INFO: main: >>>>>> stage Prepare base model completed <<<<<<

x==========x]
[2026-01-11 19:04:50,933: INFO: main: *******************]
[2026-01-11 19:04:50,933: INFO: main: >>>>>> stage Training started <<<<<<]
[2026-01-11 19:04:50,933: INFO: main: Using ADVANCED training pipeline with model comparison and MLflow tracking]
[2026-01-11 19:04:50,936: INFO: common: yaml file: config/config.yaml loaded successfully]
[2026-01-11 19:04:50,938: INFO: common: yaml file: params.yaml loaded successfully]
[2026-01-11 19:04:50,939: INFO: common: created directory at: artifacts]
[2026-01-11 19:05:53,071: WARNING: model_tracking: Could not initialize MLflow: API request to http://localhost:5001/api/2.0/mlflow/experiments/get-by-name failed with exception HTTPConnectionPool(host='localhost', port=5001): Max retries exceeded with url: /api/2.0/mlflow/experiments/get-by-name?experiment_name=car_price_prediction (Caused by NewConnectionError("HTTPConnection(host='localhost', port=5001): Failed to establish a new connection: [Errno 111] Connection refused")) - tracking disabled]
[2026-01-11 19:05:53,071: INFO: common: created directory at: artifacts/training]
[2026-01-11 19:05:53,071: INFO: common: created directory at: artifacts/prepare_base_model]
[2026-01-11 19:05:53,071: INFO: stage_03_advanced_training: Loading training data]
[2026-01-11 19:05:53,107: INFO: stage_03_advanced_training: Preprocessing data]
[2026-01-11 19:05:53,195: INFO: stage_03_advanced_training: Splitting data into train/test sets]
[2026-01-11 19:05:53,199: INFO: stage_03_advanced_training: Applying feature scaling]
[2026-01-11 19:05:53,205: INFO: stage_03_advanced_training: Comparing different models]
[2026-01-11 19:05:53,205: INFO: stage_03_advanced_training: Starting model comparison]
[2026-01-11 19:05:53,205: INFO: model_comparison: Initialized 4 models: ['linear_regression', 'random_forest', 'xgboost', 'gradient_boosting']]
[2026-01-11 19:05:53,205: INFO: model_comparison: Evaluating linear_regression...]
[2026-01-11 19:05:54,834: INFO: model_comparison: linear_regression: CV R² = -0.2312 ± 0.1544, Test R² = -0.1516, RMSE = 18942.70]
[2026-01-11 19:05:54,838: INFO: model_comparison: Evaluating random_forest...]
[2026-01-11 19:06:03,382: INFO: model_comparison: random_forest: CV R² = -15.5880 ± 12.0660, Test R² = -38.3133, RMSE = 110679.20]
[2026-01-11 19:06:03,383: INFO: model_comparison: Evaluating xgboost...]
[2026-01-11 19:06:03,992: INFO: model_comparison: xgboost: CV R² = -8.3458 ± 12.0360, Test R² = -735.8846, RMSE = 479177.14]
[2026-01-11 19:06:03,993: INFO: model_comparison: Evaluating gradient_boosting...]
[2026-01-11 19:06:11,272: INFO: model_comparison: gradient_boosting: CV R² = -11.5678 ± 23.4762, Test R² = -575.3811, RMSE = 423790.51]
[2026-01-11 19:06:11,273: INFO: model_comparison: Comparison results saved to artifacts/model_comparison/model_comparison.json]
[2026-01-11 19:06:11,273: INFO: model_comparison: Best model: linear_regression]
[2026-01-11 19:06:11,274: INFO: stage_03_advanced_training: Best model selected: linear_regression]
[2026-01-11 19:06:11,274: INFO: model_comparison: Initialized 4 models: ['linear_regression', 'random_forest', 'xgboost', 'gradient_boosting']]
[2026-01-11 19:06:11,274: INFO: model_comparison: Training linear_regression...]
[2026-01-11 19:06:11,278: INFO: model_comparison: linear_regression trained successfully]
[2026-01-11 19:06:11,278: INFO: stage_03_advanced_training: Analyzing feature importance]
[2026-01-11 19:06:11,278: INFO: stage_03_advanced_training: Analyzing feature importance]
[2026-01-11 19:06:11,279: INFO: feature_importance: Using linear model coefficients]
[2026-01-11 19:06:11,280: INFO: feature_importance: Linear coefficients calculated successfully]
[2026-01-11 19:06:11,280: INFO: feature_importance: Calculating permutation importance]
[2026-01-11 19:06:11,402: INFO: feature_importance: Permutation importance calculated successfully]
[2026-01-11 19:06:11,404: INFO: feature_importance: Feature importance saved to artifacts/feature_importance/feature_importance.csv]
[2026-01-11 19:06:11,405: INFO: feature_importance: Feature importance saved to artifacts/feature_importance/feature_importance.json]
[2026-01-11 19:06:11,799: INFO: feature_importance: Feature importance plot saved to artifacts/feature_importance/feature_importance_plot.png]
[2026-01-11 19:06:11,799: INFO: feature_importance: Feature analysis completed successfully]
[2026-01-11 19:06:11,802: INFO: stage_03_advanced_training: Versioning model]
[2026-01-11 19:06:11,802: INFO: model_tracking: Model version 1 created]
[2026-01-11 19:06:11,802: INFO: stage_03_advanced_training: Saving artifacts]
[2026-01-11 19:06:11,803: INFO: stage_03_advanced_training: Model saved to artifacts/training/model.pkl/model.pkl]
[2026-01-11 19:06:11,804: INFO: stage_03_advanced_training: Scaler saved to artifacts/training/model.pkl/scaler.pkl]
[2026-01-11 19:06:11,808: INFO: stage_03_advanced_training: Label encoders saved to artifacts/training/model.pkl/label_encoders.pkl]
[2026-01-11 19:06:11,808: INFO: stage_03_advanced_training: ==================================================]
[2026-01-11 19:06:11,808: INFO: stage_03_advanced_training: TRAINING COMPLETED SUCCESSFULLY]
[2026-01-11 19:06:11,808: INFO: stage_03_advanced_training: ==================================================]
[2026-01-11 19:06:11,808: INFO: stage_03_advanced_training: Best Model: linear_regression]
[2026-01-11 19:06:11,808: INFO: stage_03_advanced_training: R² Score: -0.1516]
[2026-01-11 19:06:11,808: INFO: stage_03_advanced_training: RMSE: $18942.70]
[2026-01-11 19:06:11,809: INFO: stage_03_advanced_training: MAE: $13334.47]
[2026-01-11 19:06:11,809: INFO: stage_03_advanced_training: ==================================================]
[2026-01-11 19:06:11,809: INFO: main: >>>>>> stage Training completed <<<<<<

x==========x]
[2026-01-11 19:06:11,809: INFO: main: *******************]
[2026-01-11 19:06:11,809: INFO: main: >>>>>> stage Evaluation stage started <<<<<<]
[2026-01-11 19:06:11,812: INFO: common: yaml file: config/config.yaml loaded successfully]
[2026-01-11 19:06:11,815: INFO: common: yaml file: params.yaml loaded successfully]
[2026-01-11 19:06:11,815: INFO: common: created directory at: artifacts]
[2026-01-11 19:06:11,815: INFO: common: created directory at: artifacts/prepare_base_model]
[2026-01-11 19:06:11,815: INFO: stage_04_evaluation: Loading data for evaluation]
[2026-01-11 19:06:11,870: INFO: stage_04_evaluation: Preprocessing data for evaluation]
[2026-01-11 19:06:11,994: INFO: stage_04_evaluation: Loading model for evaluation]
[2026-01-11 19:06:11,994: ERROR: main: [Errno 21] Is a directory: 'artifacts/training/model.pkl']
Traceback (most recent call last):
  File "/workspaces/car_price_prediction/main.py", line 80, in <module>
    model_evalution.main()
  File "/workspaces/car_price_prediction/src/car_price_prediction/pipeline/stage_04_evaluation.py", line 62, in main
    evaluation.load_model()
  File "/workspaces/car_price_prediction/src/car_price_prediction/components/evaluation.py", line 19, in load_model
    self.model = joblib.load(self.config.path_of_model)
                 ^^^^^^^^^^^^^^^^^^^^^^^^^^^^^^^^^^^^^^
  File "/usr/local/python/3.12.1/lib/python3.12/site-packages/joblib/numpy_pickle.py", line 650, in load
    with open(filename, 'rb') as f:
         ^^^^^^^^^^^^^^^^^^^^
IsADirectoryError: [Errno 21] Is a directory: 'artifacts/training/model.pkl'
[2026-01-11 19:06:35,634: INFO: main: >>>>>> stage Data Ingestion stage started <<<<<<]
[2026-01-11 19:06:35,637: INFO: common: yaml file: config/config.yaml loaded successfully]
[2026-01-11 19:06:35,638: INFO: common: yaml file: params.yaml loaded successfully]
[2026-01-11 19:06:35,639: INFO: common: created directory at: artifacts]
[2026-01-11 19:06:35,639: INFO: common: created directory at: artifacts/data_ingestion]
[2026-01-11 19:06:36,292: INFO: data_ingestion: artifacts/data_ingestion/data.zip downloaded with the following info: 
Connection: close
Content-Length: 439363
Cache-Control: max-age=300
Content-Security-Policy: default-src 'none'; style-src 'unsafe-inline'; sandbox
Content-Type: application/zip
ETag: "f02129725677995f2b90e6feee5c59cb0cc92525384c3ad1f4f2bc5010823136"
Strict-Transport-Security: max-age=31536000
X-Content-Type-Options: nosniff
X-Frame-Options: deny
X-XSS-Protection: 1; mode=block
X-GitHub-Request-Id: B34E:10F3E3:62169C:BC2C1C:6963F3EC
Accept-Ranges: bytes
Date: Sun, 11 Jan 2026 19:06:36 GMT
Via: 1.1 varnish
X-Served-By: cache-sin-wsss1830066-SIN
X-Cache: HIT
X-Cache-Hits: 0
X-Timer: S1768158396.127682,VS0,VE1
Vary: Authorization,Accept-Encoding
Access-Control-Allow-Origin: *
Cross-Origin-Resource-Policy: cross-origin
X-Fastly-Request-ID: aee4dc61c77fe494995eca3dd7a0db6f757a6a2e
Expires: Sun, 11 Jan 2026 19:11:36 GMT
Source-Age: 206

]
[2026-01-11 19:06:36,302: INFO: data_ingestion: Extracted zip file to artifacts/data_ingestion]
[2026-01-11 19:06:36,302: INFO: main: >>>>>> stage Data Ingestion stage completed <<<<<<

x==========x]
[2026-01-11 19:06:36,302: INFO: main: *******************]
[2026-01-11 19:06:36,302: INFO: main: >>>>>> stage Prepare base model started <<<<<<]
[2026-01-11 19:06:36,304: INFO: common: yaml file: config/config.yaml loaded successfully]
[2026-01-11 19:06:36,306: INFO: common: yaml file: params.yaml loaded successfully]
[2026-01-11 19:06:36,306: INFO: common: created directory at: artifacts]
[2026-01-11 19:06:36,307: INFO: common: created directory at: artifacts/prepare_base_model]
[2026-01-11 19:06:36,307: INFO: stage_02_prepare_base_model: Creating base model]
[2026-01-11 19:06:36,307: INFO: prepare_base_model: ✅ Base model saved at: artifacts/prepare_base_model/base_model.pkl]
[2026-01-11 19:06:36,307: INFO: stage_02_prepare_base_model: Updating base model with training data]
[2026-01-11 19:06:36,445: INFO: prepare_base_model: ✅ Trained model saved at: artifacts/prepare_base_model/base_model_updated.pkl]
[2026-01-11 19:06:36,447: INFO: main: >>>>>> stage Prepare base model completed <<<<<<

x==========x]
[2026-01-11 19:06:36,447: INFO: main: *******************]
[2026-01-11 19:06:36,447: INFO: main: >>>>>> stage Training started <<<<<<]
[2026-01-11 19:06:36,447: INFO: main: Using ADVANCED training pipeline with model comparison and MLflow tracking]
[2026-01-11 19:06:36,449: INFO: common: yaml file: config/config.yaml loaded successfully]
[2026-01-11 19:06:36,452: INFO: common: yaml file: params.yaml loaded successfully]
[2026-01-11 19:06:36,452: INFO: common: created directory at: artifacts]
[2026-01-11 19:07:39,290: WARNING: model_tracking: Could not initialize MLflow: API request to http://localhost:5001/api/2.0/mlflow/experiments/get-by-name failed with exception HTTPConnectionPool(host='localhost', port=5001): Max retries exceeded with url: /api/2.0/mlflow/experiments/get-by-name?experiment_name=car_price_prediction (Caused by NewConnectionError("HTTPConnection(host='localhost', port=5001): Failed to establish a new connection: [Errno 111] Connection refused")) - tracking disabled]
[2026-01-11 19:07:39,291: INFO: common: created directory at: artifacts/training]
[2026-01-11 19:07:39,291: INFO: common: created directory at: artifacts/prepare_base_model]
[2026-01-11 19:07:39,291: INFO: stage_03_advanced_training: Loading training data]
[2026-01-11 19:07:39,326: INFO: stage_03_advanced_training: Preprocessing data]
[2026-01-11 19:07:39,414: INFO: stage_03_advanced_training: Splitting data into train/test sets]
[2026-01-11 19:07:39,419: INFO: stage_03_advanced_training: Applying feature scaling]
[2026-01-11 19:07:39,425: INFO: stage_03_advanced_training: Comparing different models]
[2026-01-11 19:07:39,425: INFO: stage_03_advanced_training: Starting model comparison]
[2026-01-11 19:07:39,425: INFO: model_comparison: Initialized 4 models: ['linear_regression', 'random_forest', 'xgboost', 'gradient_boosting']]
[2026-01-11 19:07:39,425: INFO: model_comparison: Evaluating linear_regression...]
[2026-01-11 19:07:41,012: INFO: model_comparison: linear_regression: CV R² = -0.2312 ± 0.1544, Test R² = -0.1516, RMSE = 18942.70]
[2026-01-11 19:07:41,018: INFO: model_comparison: Evaluating random_forest...]
[2026-01-11 19:07:49,678: INFO: model_comparison: random_forest: CV R² = -15.5880 ± 12.0660, Test R² = -38.3133, RMSE = 110679.20]
[2026-01-11 19:07:49,678: INFO: model_comparison: Evaluating xgboost...]
[2026-01-11 19:07:50,269: INFO: model_comparison: xgboost: CV R² = -8.3458 ± 12.0360, Test R² = -735.8846, RMSE = 479177.14]
[2026-01-11 19:07:50,269: INFO: model_comparison: Evaluating gradient_boosting...]
[2026-01-11 19:07:57,368: INFO: model_comparison: gradient_boosting: CV R² = -11.5678 ± 23.4762, Test R² = -575.3811, RMSE = 423790.51]
[2026-01-11 19:07:57,368: INFO: model_comparison: Comparison results saved to artifacts/model_comparison/model_comparison.json]
[2026-01-11 19:07:57,368: INFO: model_comparison: Best model: linear_regression]
[2026-01-11 19:07:57,369: INFO: stage_03_advanced_training: Best model selected: linear_regression]
[2026-01-11 19:07:57,369: INFO: model_comparison: Initialized 4 models: ['linear_regression', 'random_forest', 'xgboost', 'gradient_boosting']]
[2026-01-11 19:07:57,369: INFO: model_comparison: Training linear_regression...]
[2026-01-11 19:07:57,373: INFO: model_comparison: linear_regression trained successfully]
[2026-01-11 19:07:57,373: INFO: stage_03_advanced_training: Analyzing feature importance]
[2026-01-11 19:07:57,373: INFO: stage_03_advanced_training: Analyzing feature importance]
[2026-01-11 19:07:57,373: INFO: feature_importance: Using linear model coefficients]
[2026-01-11 19:07:57,375: INFO: feature_importance: Linear coefficients calculated successfully]
[2026-01-11 19:07:57,375: INFO: feature_importance: Calculating permutation importance]
[2026-01-11 19:07:57,495: INFO: feature_importance: Permutation importance calculated successfully]
[2026-01-11 19:07:57,496: INFO: feature_importance: Feature importance saved to artifacts/feature_importance/feature_importance.csv]
[2026-01-11 19:07:57,497: INFO: feature_importance: Feature importance saved to artifacts/feature_importance/feature_importance.json]
[2026-01-11 19:07:57,920: INFO: feature_importance: Feature importance plot saved to artifacts/feature_importance/feature_importance_plot.png]
[2026-01-11 19:07:57,920: INFO: feature_importance: Feature analysis completed successfully]
[2026-01-11 19:07:57,923: INFO: stage_03_advanced_training: Versioning model]
[2026-01-11 19:07:57,923: INFO: model_tracking: Model version 1 created]
[2026-01-11 19:07:57,923: INFO: stage_03_advanced_training: Saving artifacts]
[2026-01-11 19:07:57,924: INFO: stage_03_advanced_training: Model saved to artifacts/training/model.pkl]
[2026-01-11 19:07:57,925: INFO: stage_03_advanced_training: Scaler saved to artifacts/training/scaler.pkl]
[2026-01-11 19:07:57,929: INFO: stage_03_advanced_training: Label encoders saved to artifacts/training/label_encoders.pkl]
[2026-01-11 19:07:57,929: INFO: stage_03_advanced_training: ==================================================]
[2026-01-11 19:07:57,929: INFO: stage_03_advanced_training: TRAINING COMPLETED SUCCESSFULLY]
[2026-01-11 19:07:57,929: INFO: stage_03_advanced_training: ==================================================]
[2026-01-11 19:07:57,929: INFO: stage_03_advanced_training: Best Model: linear_regression]
[2026-01-11 19:07:57,929: INFO: stage_03_advanced_training: R² Score: -0.1516]
[2026-01-11 19:07:57,929: INFO: stage_03_advanced_training: RMSE: $18942.70]
[2026-01-11 19:07:57,929: INFO: stage_03_advanced_training: MAE: $13334.47]
[2026-01-11 19:07:57,930: INFO: stage_03_advanced_training: ==================================================]
[2026-01-11 19:07:57,930: INFO: main: >>>>>> stage Training completed <<<<<<

x==========x]
[2026-01-11 19:07:57,930: INFO: main: *******************]
[2026-01-11 19:07:57,930: INFO: main: >>>>>> stage Evaluation stage started <<<<<<]
[2026-01-11 19:07:57,933: INFO: common: yaml file: config/config.yaml loaded successfully]
[2026-01-11 19:07:57,936: INFO: common: yaml file: params.yaml loaded successfully]
[2026-01-11 19:07:57,936: INFO: common: created directory at: artifacts]
[2026-01-11 19:07:57,936: INFO: common: created directory at: artifacts/prepare_base_model]
[2026-01-11 19:07:57,936: INFO: stage_04_evaluation: Loading data for evaluation]
[2026-01-11 19:07:57,988: INFO: stage_04_evaluation: Preprocessing data for evaluation]
[2026-01-11 19:07:58,103: INFO: stage_04_evaluation: Loading model for evaluation]
[2026-01-11 19:07:58,104: INFO: evaluation: Model loaded from artifacts/training/model.pkl]
[2026-01-11 19:07:58,105: INFO: evaluation: Scaler loaded from artifacts/training/scaler.pkl]
[2026-01-11 19:07:58,105: INFO: stage_04_evaluation: Evaluating model]
[2026-01-11 19:07:58,106: INFO: evaluation: Starting model evaluation]
[2026-01-11 19:07:58,109: INFO: evaluation: Evaluation metrics: {'MSE': 358825882.9412798, 'RMSE': 18942.699990795394, 'MAE': 13334.470623266645, 'R2': -0.15157182727188712}]
[2026-01-11 19:07:58,109: INFO: common: json file saved at: scores.json]
[2026-01-11 19:07:58,109: INFO: stage_04_evaluation: Evaluation completed. Scores: {'MSE': 358825882.9412798, 'RMSE': 18942.699990795394, 'MAE': 13334.470623266645, 'R2': -0.15157182727188712}]
[2026-01-11 19:07:58,109: INFO: main: >>>>>> stage Evaluation stage completed <<<<<<

x==========x]
[2026-01-11 19:08:35,667: INFO: main: >>>>>> stage Data Ingestion stage started <<<<<<]
[2026-01-11 19:08:35,669: INFO: common: yaml file: config/config.yaml loaded successfully]
[2026-01-11 19:08:35,671: INFO: common: yaml file: params.yaml loaded successfully]
[2026-01-11 19:08:35,671: INFO: common: created directory at: artifacts]
[2026-01-11 19:08:35,671: INFO: common: created directory at: artifacts/data_ingestion]
[2026-01-11 19:08:35,671: INFO: data_ingestion: File already exists with size: ~ 429 KB]
[2026-01-11 19:08:35,681: INFO: data_ingestion: Extracted zip file to artifacts/data_ingestion]
[2026-01-11 19:08:35,681: INFO: main: >>>>>> stage Data Ingestion stage completed <<<<<<

x==========x]
[2026-01-11 19:08:35,681: INFO: main: *******************]
[2026-01-11 19:08:35,682: INFO: main: >>>>>> stage Prepare base model started <<<<<<]
[2026-01-11 19:08:35,683: INFO: common: yaml file: config/config.yaml loaded successfully]
[2026-01-11 19:08:35,685: INFO: common: yaml file: params.yaml loaded successfully]
[2026-01-11 19:08:35,685: INFO: common: created directory at: artifacts]
[2026-01-11 19:08:35,685: INFO: common: created directory at: artifacts/prepare_base_model]
[2026-01-11 19:08:35,685: INFO: stage_02_prepare_base_model: Creating base model]
[2026-01-11 19:08:35,686: INFO: prepare_base_model: ✅ Base model saved at: artifacts/prepare_base_model/base_model.pkl]
[2026-01-11 19:08:35,686: INFO: stage_02_prepare_base_model: Updating base model with training data]
[2026-01-11 19:08:35,821: INFO: prepare_base_model: ✅ Trained model saved at: artifacts/prepare_base_model/base_model_updated.pkl]
[2026-01-11 19:08:35,822: INFO: main: >>>>>> stage Prepare base model completed <<<<<<

x==========x]
[2026-01-11 19:08:35,822: INFO: main: *******************]
[2026-01-11 19:08:35,822: INFO: main: >>>>>> stage Training started <<<<<<]
[2026-01-11 19:08:35,822: INFO: main: Using ADVANCED training pipeline with model comparison and MLflow tracking]
[2026-01-11 19:08:35,824: INFO: common: yaml file: config/config.yaml loaded successfully]
[2026-01-11 19:08:35,827: INFO: common: yaml file: params.yaml loaded successfully]
[2026-01-11 19:08:35,827: INFO: common: created directory at: artifacts]
[2026-01-11 19:09:38,505: WARNING: model_tracking: Could not initialize MLflow: API request to http://localhost:5001/api/2.0/mlflow/experiments/get-by-name failed with exception HTTPConnectionPool(host='localhost', port=5001): Max retries exceeded with url: /api/2.0/mlflow/experiments/get-by-name?experiment_name=car_price_prediction (Caused by NewConnectionError("HTTPConnection(host='localhost', port=5001): Failed to establish a new connection: [Errno 111] Connection refused")) - tracking disabled]
[2026-01-11 19:09:38,506: INFO: common: created directory at: artifacts/training]
[2026-01-11 19:09:38,506: INFO: common: created directory at: artifacts/prepare_base_model]
[2026-01-11 19:09:38,506: INFO: stage_03_advanced_training: Loading training data]
[2026-01-11 19:09:38,542: INFO: stage_03_advanced_training: Preprocessing data]
[2026-01-11 19:09:38,628: INFO: stage_03_advanced_training: Splitting data into train/test sets]
[2026-01-11 19:09:38,631: INFO: stage_03_advanced_training: Applying feature scaling]
[2026-01-11 19:09:38,638: INFO: stage_03_advanced_training: Comparing different models]
[2026-01-11 19:09:38,639: INFO: stage_03_advanced_training: Starting model comparison]
[2026-01-11 19:09:38,639: INFO: model_comparison: Initialized 4 models: ['linear_regression', 'random_forest', 'xgboost', 'gradient_boosting']]
[2026-01-11 19:09:38,639: INFO: model_comparison: Evaluating linear_regression...]
[2026-01-11 19:09:40,190: INFO: model_comparison: linear_regression: CV R² = -0.2312 ± 0.1544, Test R² = -0.1516, RMSE = 18942.70]
[2026-01-11 19:09:40,196: INFO: model_comparison: Evaluating random_forest...]
[2026-01-11 19:09:48,791: INFO: model_comparison: random_forest: CV R² = -15.5880 ± 12.0660, Test R² = -38.3133, RMSE = 110679.20]
[2026-01-11 19:09:48,791: INFO: model_comparison: Evaluating xgboost...]
[2026-01-11 19:09:49,404: INFO: model_comparison: xgboost: CV R² = -8.3458 ± 12.0360, Test R² = -735.8846, RMSE = 479177.14]
[2026-01-11 19:09:49,405: INFO: model_comparison: Evaluating gradient_boosting...]
[2026-01-11 19:09:56,531: INFO: model_comparison: gradient_boosting: CV R² = -11.5678 ± 23.4762, Test R² = -575.3811, RMSE = 423790.51]
[2026-01-11 19:09:56,532: INFO: model_comparison: Comparison results saved to artifacts/model_comparison/model_comparison.json]
[2026-01-11 19:09:56,532: INFO: model_comparison: Best model: linear_regression]
[2026-01-11 19:09:56,533: INFO: stage_03_advanced_training: Best model selected: linear_regression]
[2026-01-11 19:09:56,533: INFO: model_comparison: Initialized 4 models: ['linear_regression', 'random_forest', 'xgboost', 'gradient_boosting']]
[2026-01-11 19:09:56,533: INFO: model_comparison: Training linear_regression...]
[2026-01-11 19:09:56,537: INFO: model_comparison: linear_regression trained successfully]
[2026-01-11 19:09:56,537: INFO: stage_03_advanced_training: Analyzing feature importance]
[2026-01-11 19:09:56,537: INFO: stage_03_advanced_training: Analyzing feature importance]
[2026-01-11 19:09:56,537: INFO: feature_importance: Using linear model coefficients]
[2026-01-11 19:09:56,539: INFO: feature_importance: Linear coefficients calculated successfully]
[2026-01-11 19:09:56,539: INFO: feature_importance: Calculating permutation importance]
[2026-01-11 19:09:56,665: INFO: feature_importance: Permutation importance calculated successfully]
[2026-01-11 19:09:56,667: INFO: feature_importance: Feature importance saved to artifacts/feature_importance/feature_importance.csv]
[2026-01-11 19:09:56,668: INFO: feature_importance: Feature importance saved to artifacts/feature_importance/feature_importance.json]
[2026-01-11 19:09:57,091: INFO: feature_importance: Feature importance plot saved to artifacts/feature_importance/feature_importance_plot.png]
[2026-01-11 19:09:57,091: INFO: feature_importance: Feature analysis completed successfully]
[2026-01-11 19:09:57,094: INFO: stage_03_advanced_training: Versioning model]
[2026-01-11 19:09:57,094: INFO: model_tracking: Model version 2 created]
[2026-01-11 19:09:57,094: INFO: stage_03_advanced_training: Saving artifacts]
[2026-01-11 19:09:57,095: INFO: stage_03_advanced_training: Model saved to artifacts/training/model.pkl]
[2026-01-11 19:09:57,096: INFO: stage_03_advanced_training: Scaler saved to artifacts/training/scaler.pkl]
[2026-01-11 19:09:57,100: INFO: stage_03_advanced_training: Label encoders saved to artifacts/training/label_encoders.pkl]
[2026-01-11 19:09:57,100: INFO: stage_03_advanced_training: ==================================================]
[2026-01-11 19:09:57,100: INFO: stage_03_advanced_training: TRAINING COMPLETED SUCCESSFULLY]
[2026-01-11 19:09:57,100: INFO: stage_03_advanced_training: ==================================================]
[2026-01-11 19:09:57,100: INFO: stage_03_advanced_training: Best Model: linear_regression]
[2026-01-11 19:09:57,100: INFO: stage_03_advanced_training: R² Score: -0.1516]
[2026-01-11 19:09:57,101: INFO: stage_03_advanced_training: RMSE: $18942.70]
[2026-01-11 19:09:57,101: INFO: stage_03_advanced_training: MAE: $13334.47]
[2026-01-11 19:09:57,101: INFO: stage_03_advanced_training: ==================================================]
[2026-01-11 19:09:57,101: INFO: main: >>>>>> stage Training completed <<<<<<

x==========x]
[2026-01-11 19:09:57,101: INFO: main: *******************]
[2026-01-11 19:09:57,101: INFO: main: >>>>>> stage Evaluation stage started <<<<<<]
[2026-01-11 19:09:57,104: INFO: common: yaml file: config/config.yaml loaded successfully]
[2026-01-11 19:09:57,107: INFO: common: yaml file: params.yaml loaded successfully]
[2026-01-11 19:09:57,107: INFO: common: created directory at: artifacts]
[2026-01-11 19:09:57,107: INFO: common: created directory at: artifacts/prepare_base_model]
[2026-01-11 19:09:57,107: INFO: stage_04_evaluation: Loading data for evaluation]
[2026-01-11 19:09:57,157: INFO: stage_04_evaluation: Preprocessing data for evaluation]
[2026-01-11 19:09:57,263: INFO: stage_04_evaluation: Loading model for evaluation]
[2026-01-11 19:09:57,263: INFO: evaluation: Model loaded from artifacts/training/model.pkl]
[2026-01-11 19:09:57,264: INFO: evaluation: Scaler loaded from artifacts/training/scaler.pkl]
[2026-01-11 19:09:57,264: INFO: stage_04_evaluation: Evaluating model]
[2026-01-11 19:09:57,265: INFO: evaluation: Starting model evaluation]
[2026-01-11 19:09:57,267: INFO: evaluation: Evaluation metrics: {'MSE': 358825882.9412798, 'RMSE': 18942.699990795394, 'MAE': 13334.470623266645, 'R2': -0.15157182727188712}]
[2026-01-11 19:09:57,268: INFO: common: json file saved at: scores.json]
[2026-01-11 19:09:57,268: INFO: stage_04_evaluation: Evaluation completed. Scores: {'MSE': 358825882.9412798, 'RMSE': 18942.699990795394, 'MAE': 13334.470623266645, 'R2': -0.15157182727188712}]
[2026-01-11 19:09:57,268: INFO: main: >>>>>> stage Evaluation stage completed <<<<<<

x==========x]
[2026-01-11 19:10:20,098: INFO: main: >>>>>> stage Data Ingestion stage started <<<<<<]
[2026-01-11 19:10:20,100: INFO: common: yaml file: config/config.yaml loaded successfully]
[2026-01-11 19:10:20,102: INFO: common: yaml file: params.yaml loaded successfully]
[2026-01-11 19:10:20,102: INFO: common: created directory at: artifacts]
[2026-01-11 19:10:20,102: INFO: common: created directory at: artifacts/data_ingestion]
[2026-01-11 19:10:20,102: INFO: data_ingestion: File already exists with size: ~ 429 KB]
[2026-01-11 19:10:20,114: INFO: data_ingestion: Extracted zip file to artifacts/data_ingestion]
[2026-01-11 19:10:20,114: INFO: main: >>>>>> stage Data Ingestion stage completed <<<<<<

x==========x]
[2026-01-11 19:10:20,114: INFO: main: *******************]
[2026-01-11 19:10:20,114: INFO: main: >>>>>> stage Prepare base model started <<<<<<]
[2026-01-11 19:10:20,116: INFO: common: yaml file: config/config.yaml loaded successfully]
[2026-01-11 19:10:20,117: INFO: common: yaml file: params.yaml loaded successfully]
[2026-01-11 19:10:20,118: INFO: common: created directory at: artifacts]
[2026-01-11 19:10:20,118: INFO: common: created directory at: artifacts/prepare_base_model]
[2026-01-11 19:10:20,118: INFO: stage_02_prepare_base_model: Creating base model]
[2026-01-11 19:10:20,118: INFO: prepare_base_model: ✅ Base model saved at: artifacts/prepare_base_model/base_model.pkl]
[2026-01-11 19:10:20,119: INFO: stage_02_prepare_base_model: Updating base model with training data]
[2026-01-11 19:10:20,256: INFO: prepare_base_model: ✅ Trained model saved at: artifacts/prepare_base_model/base_model_updated.pkl]
[2026-01-11 19:10:20,257: INFO: main: >>>>>> stage Prepare base model completed <<<<<<

x==========x]
[2026-01-11 19:10:20,257: INFO: main: *******************]
[2026-01-11 19:10:20,258: INFO: main: >>>>>> stage Training started <<<<<<]
[2026-01-11 19:10:20,258: INFO: main: Using ADVANCED training pipeline with model comparison and MLflow tracking]
[2026-01-11 19:10:20,260: INFO: common: yaml file: config/config.yaml loaded successfully]
[2026-01-11 19:10:20,263: INFO: common: yaml file: params.yaml loaded successfully]
[2026-01-11 19:10:20,263: INFO: common: created directory at: artifacts]
[2026-01-11 19:11:21,835: WARNING: model_tracking: Could not initialize MLflow: API request to http://localhost:5001/api/2.0/mlflow/experiments/get-by-name failed with exception HTTPConnectionPool(host='localhost', port=5001): Max retries exceeded with url: /api/2.0/mlflow/experiments/get-by-name?experiment_name=car_price_prediction (Caused by NewConnectionError("HTTPConnection(host='localhost', port=5001): Failed to establish a new connection: [Errno 111] Connection refused")) - tracking disabled]
[2026-01-11 19:11:21,836: INFO: common: created directory at: artifacts/training]
[2026-01-11 19:11:21,836: INFO: common: created directory at: artifacts/prepare_base_model]
[2026-01-11 19:11:21,836: INFO: stage_03_advanced_training: Loading training data]
[2026-01-11 19:11:21,875: INFO: stage_03_advanced_training: Preprocessing data]
[2026-01-11 19:11:21,965: INFO: stage_03_advanced_training: Splitting data into train/test sets]
[2026-01-11 19:11:21,969: INFO: stage_03_advanced_training: Applying feature scaling]
[2026-01-11 19:11:21,976: INFO: stage_03_advanced_training: Comparing different models]
[2026-01-11 19:11:21,976: INFO: stage_03_advanced_training: Starting model comparison]
[2026-01-11 19:11:21,976: INFO: model_comparison: Initialized 4 models: ['linear_regression', 'random_forest', 'xgboost', 'gradient_boosting']]
[2026-01-11 19:11:21,976: INFO: model_comparison: Evaluating linear_regression...]
[2026-01-11 19:11:23,466: INFO: model_comparison: linear_regression: CV R² = -0.2312 ± 0.1544, Test R² = -0.1516, RMSE = 18942.70]
[2026-01-11 19:11:23,471: INFO: model_comparison: Evaluating random_forest...]
[2026-01-11 19:11:32,241: INFO: model_comparison: random_forest: CV R² = -15.5880 ± 12.0660, Test R² = -38.3133, RMSE = 110679.20]
[2026-01-11 19:11:32,241: INFO: model_comparison: Evaluating xgboost...]
[2026-01-11 19:11:32,854: INFO: model_comparison: xgboost: CV R² = -8.3458 ± 12.0360, Test R² = -735.8846, RMSE = 479177.14]
[2026-01-11 19:11:32,854: INFO: model_comparison: Evaluating gradient_boosting...]
[2026-01-11 19:11:40,141: INFO: model_comparison: gradient_boosting: CV R² = -11.5678 ± 23.4762, Test R² = -575.3811, RMSE = 423790.51]
[2026-01-11 19:11:40,142: INFO: model_comparison: Comparison results saved to artifacts/model_comparison/model_comparison.json]
[2026-01-11 19:11:40,142: INFO: model_comparison: Best model: linear_regression]
[2026-01-11 19:11:40,142: INFO: stage_03_advanced_training: Best model selected: linear_regression]
[2026-01-11 19:11:40,142: INFO: model_comparison: Initialized 4 models: ['linear_regression', 'random_forest', 'xgboost', 'gradient_boosting']]
[2026-01-11 19:11:40,142: INFO: model_comparison: Training linear_regression...]
[2026-01-11 19:11:40,147: INFO: model_comparison: linear_regression trained successfully]
[2026-01-11 19:11:40,147: INFO: stage_03_advanced_training: Analyzing feature importance]
[2026-01-11 19:11:40,147: INFO: stage_03_advanced_training: Analyzing feature importance]
[2026-01-11 19:11:40,148: INFO: feature_importance: Using linear model coefficients]
[2026-01-11 19:11:40,150: INFO: feature_importance: Linear coefficients calculated successfully]
[2026-01-11 19:11:40,150: INFO: feature_importance: Calculating permutation importance]
[2026-01-11 19:11:40,289: INFO: feature_importance: Permutation importance calculated successfully]
[2026-01-11 19:11:40,291: INFO: feature_importance: Feature importance saved to artifacts/feature_importance/feature_importance.csv]
[2026-01-11 19:11:40,292: INFO: feature_importance: Feature importance saved to artifacts/feature_importance/feature_importance.json]
[2026-01-11 19:11:40,726: INFO: feature_importance: Feature importance plot saved to artifacts/feature_importance/feature_importance_plot.png]
[2026-01-11 19:11:40,726: INFO: feature_importance: Feature analysis completed successfully]
[2026-01-11 19:11:40,729: INFO: stage_03_advanced_training: Versioning model]
[2026-01-11 19:11:40,730: INFO: model_tracking: Model version 3 created]
[2026-01-11 19:11:40,730: INFO: stage_03_advanced_training: Saving artifacts]
[2026-01-11 19:11:40,731: INFO: stage_03_advanced_training: Model saved to artifacts/training/model.pkl]
[2026-01-11 19:11:40,732: INFO: stage_03_advanced_training: Scaler saved to artifacts/training/scaler.pkl]
[2026-01-11 19:11:40,736: INFO: stage_03_advanced_training: Label encoders saved to artifacts/training/label_encoders.pkl]
[2026-01-11 19:11:40,736: INFO: stage_03_advanced_training: ==================================================]
[2026-01-11 19:11:40,736: INFO: stage_03_advanced_training: TRAINING COMPLETED SUCCESSFULLY]
[2026-01-11 19:11:40,736: INFO: stage_03_advanced_training: ==================================================]
[2026-01-11 19:11:40,736: INFO: stage_03_advanced_training: Best Model: linear_regression]
[2026-01-11 19:11:40,736: INFO: stage_03_advanced_training: R² Score: -0.1516]
[2026-01-11 19:11:40,736: INFO: stage_03_advanced_training: RMSE: $18942.70]
[2026-01-11 19:11:40,736: INFO: stage_03_advanced_training: MAE: $13334.47]
[2026-01-11 19:11:40,736: INFO: stage_03_advanced_training: ==================================================]
[2026-01-11 19:11:40,737: INFO: main: >>>>>> stage Training completed <<<<<<

x==========x]
[2026-01-11 19:11:40,737: INFO: main: *******************]
[2026-01-11 19:11:40,737: INFO: main: >>>>>> stage Evaluation stage started <<<<<<]
[2026-01-11 19:11:40,740: INFO: common: yaml file: config/config.yaml loaded successfully]
[2026-01-11 19:11:40,743: INFO: common: yaml file: params.yaml loaded successfully]
[2026-01-11 19:11:40,743: INFO: common: created directory at: artifacts]
[2026-01-11 19:11:40,743: INFO: common: created directory at: artifacts/prepare_base_model]
[2026-01-11 19:11:40,743: INFO: stage_04_evaluation: Loading data for evaluation]
[2026-01-11 19:11:40,795: INFO: stage_04_evaluation: Preprocessing data for evaluation]
[2026-01-11 19:11:40,906: INFO: stage_04_evaluation: Loading model for evaluation]
[2026-01-11 19:11:40,907: INFO: evaluation: Model loaded from artifacts/training/model.pkl]
[2026-01-11 19:11:40,908: INFO: evaluation: Scaler loaded from artifacts/training/scaler.pkl]
[2026-01-11 19:11:40,908: INFO: stage_04_evaluation: Evaluating model]
[2026-01-11 19:11:40,908: INFO: evaluation: Starting model evaluation]
[2026-01-11 19:11:40,911: INFO: evaluation: Evaluation metrics: {'MSE': 358825882.9412798, 'RMSE': 18942.699990795394, 'MAE': 13334.470623266645, 'R2': -0.15157182727188712}]
[2026-01-11 19:11:40,912: INFO: common: json file saved at: scores.json]
[2026-01-11 19:11:40,912: INFO: stage_04_evaluation: Evaluation completed. Scores: {'MSE': 358825882.9412798, 'RMSE': 18942.699990795394, 'MAE': 13334.470623266645, 'R2': -0.15157182727188712}]
[2026-01-11 19:11:40,912: INFO: main: >>>>>> stage Evaluation stage completed <<<<<<

x==========x]
